../Drivers/CMSIS/Include/core_cm4.h:1938:34:__NVIC_SystemReset	4	static,ignoring_inline_asm
../Core/Src/main.c:92:5:main	8	static
../Core/Src/main.c:165:6:SystemClock_Config	88	static
../Core/Src/main.c:207:13:MX_SPI1_Init	8	static
../Core/Src/main.c:245:13:MX_USART2_UART_Init	8	static
../Core/Src/main.c:278:13:MX_GPIO_Init	48	static
../Core/Src/main.c:326:6:printMessage	112	static
../Core/Src/main.c:338:6:JumpToApplication	24	static,ignoring_inline_asm
../Core/Src/main.c:360:6:bootloader_jump_to_user_application	24	static,ignoring_inline_asm
../Core/Src/main.c:380:6:HAL_GPIO_EXTI_Callback	16	static
../Core/Src/main.c:391:6:Error_Handler	4	static,ignoring_inline_asm
