Archive member included to satisfy reference by file (symbol)

C:/ST/STM32CubeIDE_1.13.2/STM32CubeIDE/plugins/com.st.stm32cube.ide.mcu.externaltools.gnu-tools-for-stm32.12.3.rel1.win32_1.0.100.202403111256/tools/bin/../lib/gcc/arm-none-eabi/12.3.1/../../../../arm-none-eabi/lib/thumb/v7e-m+fp/hard\libc_nano.a(libc_a-exit.o)
                              C:/ST/STM32CubeIDE_1.13.2/STM32CubeIDE/plugins/com.st.stm32cube.ide.mcu.externaltools.gnu-tools-for-stm32.12.3.rel1.win32_1.0.100.202403111256/tools/bin/../lib/gcc/arm-none-eabi/12.3.1/../../../../arm-none-eabi/lib/thumb/v7e-m+fp/hard/crt0.o (exit)
C:/ST/STM32CubeIDE_1.13.2/STM32CubeIDE/plugins/com.st.stm32cube.ide.mcu.externaltools.gnu-tools-for-stm32.12.3.rel1.win32_1.0.100.202403111256/tools/bin/../lib/gcc/arm-none-eabi/12.3.1/../../../../arm-none-eabi/lib/thumb/v7e-m+fp/hard\libc_nano.a(libc_a-findfp.o)
                              C:/ST/STM32CubeIDE_1.13.2/STM32CubeIDE/plugins/com.st.stm32cube.ide.mcu.externaltools.gnu-tools-for-stm32.12.3.rel1.win32_1.0.100.202403111256/tools/bin/../lib/gcc/arm-none-eabi/12.3.1/../../../../arm-none-eabi/lib/thumb/v7e-m+fp/hard\libc_nano.a(libc_a-exit.o) (__stdio_exit_handler)
C:/ST/STM32CubeIDE_1.13.2/STM32CubeIDE/plugins/com.st.stm32cube.ide.mcu.externaltools.gnu-tools-for-stm32.12.3.rel1.win32_1.0.100.202403111256/tools/bin/../lib/gcc/arm-none-eabi/12.3.1/../../../../arm-none-eabi/lib/thumb/v7e-m+fp/hard\libc_nano.a(libc_a-fwalk.o)
                              C:/ST/STM32CubeIDE_1.13.2/STM32CubeIDE/plugins/com.st.stm32cube.ide.mcu.externaltools.gnu-tools-for-stm32.12.3.rel1.win32_1.0.100.202403111256/tools/bin/../lib/gcc/arm-none-eabi/12.3.1/../../../../arm-none-eabi/lib/thumb/v7e-m+fp/hard\libc_nano.a(libc_a-findfp.o) (_fwalk_sglue)
C:/ST/STM32CubeIDE_1.13.2/STM32CubeIDE/plugins/com.st.stm32cube.ide.mcu.externaltools.gnu-tools-for-stm32.12.3.rel1.win32_1.0.100.202403111256/tools/bin/../lib/gcc/arm-none-eabi/12.3.1/../../../../arm-none-eabi/lib/thumb/v7e-m+fp/hard\libc_nano.a(libc_a-stdio.o)
                              C:/ST/STM32CubeIDE_1.13.2/STM32CubeIDE/plugins/com.st.stm32cube.ide.mcu.externaltools.gnu-tools-for-stm32.12.3.rel1.win32_1.0.100.202403111256/tools/bin/../lib/gcc/arm-none-eabi/12.3.1/../../../../arm-none-eabi/lib/thumb/v7e-m+fp/hard\libc_nano.a(libc_a-findfp.o) (__sread)
C:/ST/STM32CubeIDE_1.13.2/STM32CubeIDE/plugins/com.st.stm32cube.ide.mcu.externaltools.gnu-tools-for-stm32.12.3.rel1.win32_1.0.100.202403111256/tools/bin/../lib/gcc/arm-none-eabi/12.3.1/../../../../arm-none-eabi/lib/thumb/v7e-m+fp/hard\libc_nano.a(libc_a-vsprintf.o)
                              ./Core/Src/main.o (vsprintf)
C:/ST/STM32CubeIDE_1.13.2/STM32CubeIDE/plugins/com.st.stm32cube.ide.mcu.externaltools.gnu-tools-for-stm32.12.3.rel1.win32_1.0.100.202403111256/tools/bin/../lib/gcc/arm-none-eabi/12.3.1/../../../../arm-none-eabi/lib/thumb/v7e-m+fp/hard\libc_nano.a(libc_a-memset.o)
                              C:/ST/STM32CubeIDE_1.13.2/STM32CubeIDE/plugins/com.st.stm32cube.ide.mcu.externaltools.gnu-tools-for-stm32.12.3.rel1.win32_1.0.100.202403111256/tools/bin/../lib/gcc/arm-none-eabi/12.3.1/../../../../arm-none-eabi/lib/thumb/v7e-m+fp/hard/crt0.o (memset)
C:/ST/STM32CubeIDE_1.13.2/STM32CubeIDE/plugins/com.st.stm32cube.ide.mcu.externaltools.gnu-tools-for-stm32.12.3.rel1.win32_1.0.100.202403111256/tools/bin/../lib/gcc/arm-none-eabi/12.3.1/../../../../arm-none-eabi/lib/thumb/v7e-m+fp/hard\libc_nano.a(libc_a-closer.o)
                              C:/ST/STM32CubeIDE_1.13.2/STM32CubeIDE/plugins/com.st.stm32cube.ide.mcu.externaltools.gnu-tools-for-stm32.12.3.rel1.win32_1.0.100.202403111256/tools/bin/../lib/gcc/arm-none-eabi/12.3.1/../../../../arm-none-eabi/lib/thumb/v7e-m+fp/hard\libc_nano.a(libc_a-stdio.o) (_close_r)
C:/ST/STM32CubeIDE_1.13.2/STM32CubeIDE/plugins/com.st.stm32cube.ide.mcu.externaltools.gnu-tools-for-stm32.12.3.rel1.win32_1.0.100.202403111256/tools/bin/../lib/gcc/arm-none-eabi/12.3.1/../../../../arm-none-eabi/lib/thumb/v7e-m+fp/hard\libc_nano.a(libc_a-reent.o)
                              C:/ST/STM32CubeIDE_1.13.2/STM32CubeIDE/plugins/com.st.stm32cube.ide.mcu.externaltools.gnu-tools-for-stm32.12.3.rel1.win32_1.0.100.202403111256/tools/bin/../lib/gcc/arm-none-eabi/12.3.1/../../../../arm-none-eabi/lib/thumb/v7e-m+fp/hard\libc_nano.a(libc_a-closer.o) (errno)
C:/ST/STM32CubeIDE_1.13.2/STM32CubeIDE/plugins/com.st.stm32cube.ide.mcu.externaltools.gnu-tools-for-stm32.12.3.rel1.win32_1.0.100.202403111256/tools/bin/../lib/gcc/arm-none-eabi/12.3.1/../../../../arm-none-eabi/lib/thumb/v7e-m+fp/hard\libc_nano.a(libc_a-impure.o)
                              C:/ST/STM32CubeIDE_1.13.2/STM32CubeIDE/plugins/com.st.stm32cube.ide.mcu.externaltools.gnu-tools-for-stm32.12.3.rel1.win32_1.0.100.202403111256/tools/bin/../lib/gcc/arm-none-eabi/12.3.1/../../../../arm-none-eabi/lib/thumb/v7e-m+fp/hard\libc_nano.a(libc_a-vsprintf.o) (_impure_ptr)
[...]
Memory Configuration

Name             Origin             Length             Attributes
CCMRAM           0x10000000         0x00010000         xrw
RAM              0x20000000         0x00020000         xrw
FLASH            0x08000000         0x00100000         xr
*default*        0x00000000         0xffffffff

Linker script and memory map

LOAD C:/ST/STM32CubeIDE_1.13.2/STM32CubeIDE/plugins/com.st.stm32cube.ide.mcu.externaltools.gnu-tools-for-stm32.12.3.rel1.win32_1.0.100.202403111256/tools/bin/../lib/gcc/arm-none-eabi/12.3.1/thumb/v7e-m+fp/hard/crti.o
LOAD C:/ST/STM32CubeIDE_1.13.2/STM32CubeIDE/plugins/com.st.stm32cube.ide.mcu.externaltools.gnu-tools-for-stm32.12.3.rel1.win32_1.0.100.202403111256/tools/bin/../lib/gcc/arm-none-eabi/12.3.1/thumb/v7e-m+fp/hard/crtbegin.o
LOAD C:/ST/STM32CubeIDE_1.13.2/STM32CubeIDE/plugins/com.st.stm32cube.ide.mcu.externaltools.gnu-tools-for-stm32.12.3.rel1.win32_1.0.100.202403111256/tools/bin/../lib/gcc/arm-none-eabi/12.3.1/../../../../arm-none-eabi/lib/thumb/v7e-m+fp/hard/crt0.o
LOAD ./Core/Src/crc.o
LOAD ./Core/Src/fatfs_sd.o
LOAD ./Core/Src/flash.o
LOAD ./Core/Src/main.o
LOAD ./Core/Src/stm32f4xx_hal_msp.o
LOAD ./Core/Src/stm32f4xx_it.o
LOAD ./Core/Src/syscalls.o
LOAD ./Core/Src/sysmem.o
LOAD ./Core/Src/system_stm32f4xx.o
LOAD ./Core/Startup/startup_stm32f407vgtx.o
LOAD ./Drivers/STM32F4xx_HAL_Driver/Src/stm32f4xx_hal.o
LOAD ./Drivers/STM32F4xx_HAL_Driver/Src/stm32f4xx_hal_cortex.o
LOAD ./Drivers/STM32F4xx_HAL_Driver/Src/stm32f4xx_hal_dma.o
LOAD ./Drivers/STM32F4xx_HAL_Driver/Src/stm32f4xx_hal_dma_ex.o
LOAD ./Drivers/STM32F4xx_HAL_Driver/Src/stm32f4xx_hal_exti.o
LOAD ./Drivers/STM32F4xx_HAL_Driver/Src/stm32f4xx_hal_flash.o
LOAD ./Drivers/STM32F4xx_HAL_Driver/Src/stm32f4xx_hal_flash_ex.o
LOAD ./Drivers/STM32F4xx_HAL_Driver/Src/stm32f4xx_hal_flash_ramfunc.o
LOAD ./Drivers/STM32F4xx_HAL_Driver/Src/stm32f4xx_hal_gpio.o
LOAD ./Drivers/STM32F4xx_HAL_Driver/Src/stm32f4xx_hal_pwr.o
LOAD ./Drivers/STM32F4xx_HAL_Driver/Src/stm32f4xx_hal_pwr_ex.o
LOAD ./Drivers/STM32F4xx_HAL_Driver/Src/stm32f4xx_hal_rcc.o
LOAD ./Drivers/STM32F4xx_HAL_Driver/Src/stm32f4xx_hal_rcc_ex.o
LOAD ./Drivers/STM32F4xx_HAL_Driver/Src/stm32f4xx_hal_spi.o
LOAD ./Drivers/STM32F4xx_HAL_Driver/Src/stm32f4xx_hal_tim.o
LOAD ./Drivers/STM32F4xx_HAL_Driver/Src/stm32f4xx_hal_tim_ex.o
LOAD ./Drivers/STM32F4xx_HAL_Driver/Src/stm32f4xx_hal_uart.o
LOAD ./FATFS/App/fatfs.o
LOAD ./FATFS/Target/user_diskio.o
LOAD ./Middlewares/Third_Party/FatFs/src/diskio.o
LOAD ./Middlewares/Third_Party/FatFs/src/ff.o
LOAD ./Middlewares/Third_Party/FatFs/src/ff_gen_drv.o
LOAD ./Middlewares/Third_Party/FatFs/src/option/ccsbcs.o
LOAD ./Middlewares/Third_Party/FatFs/src/option/syscall.o
START GROUP
LOAD C:/ST/STM32CubeIDE_1.13.2/STM32CubeIDE/plugins/com.st.stm32cube.ide.mcu.externaltools.gnu-tools-for-stm32.12.3.rel1.win32_1.0.100.202403111256/tools/bin/../lib/gcc/arm-none-eabi/12.3.1/../../../../arm-none-eabi/lib/thumb/v7e-m+fp/hard\libc_nano.a
LOAD C:/ST/STM32CubeIDE_1.13.2/STM32CubeIDE/plugins/com.st.stm32cube.ide.mcu.externaltools.gnu-tools-for-stm32.12.3.rel1.win32_1.0.100.202403111256/tools/bin/../lib/gcc/arm-none-eabi/12.3.1/../../../../arm-none-eabi/lib/thumb/v7e-m+fp/hard\libm.a
END GROUP
START GROUP
LOAD C:/ST/STM32CubeIDE_1.13.2/STM32CubeIDE/plugins/com.st.stm32cube.ide.mcu.externaltools.gnu-tools-for-stm32.12.3.rel1.win32_1.0.100.202403111256/tools/bin/../lib/gcc/arm-none-eabi/12.3.1/thumb/v7e-m+fp/hard\libgcc.a
LOAD C:/ST/STM32CubeIDE_1.13.2/STM32CubeIDE/plugins/com.st.stm32cube.ide.mcu.externaltools.gnu-tools-for-stm32.12.3.rel1.win32_1.0.100.202403111256/tools/bin/../lib/gcc/arm-none-eabi/12.3.1/../../../../arm-none-eabi/lib/thumb/v7e-m+fp/hard\libc_nano.a
END GROUP
START GROUP
LOAD C:/ST/STM32CubeIDE_1.13.2/STM32CubeIDE/plugins/com.st.stm32cube.ide.mcu.externaltools.gnu-tools-for-stm32.12.3.rel1.win32_1.0.100.202403111256/tools/bin/../lib/gcc/arm-none-eabi/12.3.1/thumb/v7e-m+fp/hard\libgcc.a
LOAD C:/ST/STM32CubeIDE_1.13.2/STM32CubeIDE/plugins/com.st.stm32cube.ide.mcu.externaltools.gnu-tools-for-stm32.12.3.rel1.win32_1.0.100.202403111256/tools/bin/../lib/gcc/arm-none-eabi/12.3.1/../../../../arm-none-eabi/lib/thumb/v7e-m+fp/hard\libc_nano.a
LOAD C:/ST/STM32CubeIDE_1.13.2/STM32CubeIDE/plugins/com.st.stm32cube.ide.mcu.externaltools.gnu-tools-for-stm32.12.3.rel1.win32_1.0.100.202403111256/tools/bin/../lib/gcc/arm-none-eabi/12.3.1/../../../../arm-none-eabi/lib/thumb/v7e-m+fp/hard\libnosys.a
END GROUP
START GROUP
LOAD C:/ST/STM32CubeIDE_1.13.2/STM32CubeIDE/plugins/com.st.stm32cube.ide.mcu.externaltools.gnu-tools-for-stm32.12.3.rel1.win32_1.0.100.202403111256/tools/bin/../lib/gcc/arm-none-eabi/12.3.1/thumb/v7e-m+fp/hard\libgcc.a
LOAD C:/ST/STM32CubeIDE_1.13.2/STM32CubeIDE/plugins/com.st.stm32cube.ide.mcu.externaltools.gnu-tools-for-stm32.12.3.rel1.win32_1.0.100.202403111256/tools/bin/../lib/gcc/arm-none-eabi/12.3.1/../../../../arm-none-eabi/lib/thumb/v7e-m+fp/hard\libc_nano.a
LOAD C:/ST/STM32CubeIDE_1.13.2/STM32CubeIDE/plugins/com.st.stm32cube.ide.mcu.externaltools.gnu-tools-for-stm32.12.3.rel1.win32_1.0.100.202403111256/tools/bin/../lib/gcc/arm-none-eabi/12.3.1/../../../../arm-none-eabi/lib/thumb/v7e-m+fp/hard\libnosys.a
END GROUP
LOAD C:/ST/STM32CubeIDE_1.13.2/STM32CubeIDE/plugins/com.st.stm32cube.ide.mcu.externaltools.gnu-tools-for-stm32.12.3.rel1.win32_1.0.100.202403111256/tools/bin/../lib/gcc/arm-none-eabi/12.3.1/thumb/v7e-m+fp/hard/crtend.o
LOAD C:/ST/STM32CubeIDE_1.13.2/STM32CubeIDE/plugins/com.st.stm32cube.ide.mcu.externaltools.gnu-tools-for-stm32.12.3.rel1.win32_1.0.100.202403111256/tools/bin/../lib/gcc/arm-none-eabi/12.3.1/thumb/v7e-m+fp/hard/crtn.o
                0x20020000                        _estack = (ORIGIN (RAM) + LENGTH (RAM))
                0x00000200                        _Min_Heap_Size = 0x200
                0x00000400                        _Min_Stack_Size = 0x400

.isr_vector     0x08000000      0x188
                0x08000000                        . = ALIGN (0x4)
 *(.isr_vector)
 .isr_vector    0x08000000      0x188 ./Core/Startup/startup_stm32f407vgtx.o
                0x08000000                g_pfnVectors
                0x08000188                        . = ALIGN (0x4)

.text           0x08000190     0x75d8
                0x08000190                        . = ALIGN (0x4)
 *(.text)
 .text          0x08000190       0x40 C:/ST/STM32CubeIDE_1.13.2/STM32CubeIDE/plugins/com.st.stm32cube.ide.mcu.externaltools.gnu-tools-for-stm32.12.3.rel1.win32_1.0.100.202403111256/tools/bin/../lib/gcc/arm-none-eabi/12.3.1/thumb/v7e-m+fp/hard/crtbegin.o
 .text          0x080001d0       0x10 C:/ST/STM32CubeIDE_1.13.2/STM32CubeIDE/plugins/com.st.stm32cube.ide.mcu.externaltools.gnu-tools-for-stm32.12.3.rel1.win32_1.0.100.202403111256/tools/bin/../lib/gcc/arm-none-eabi/12.3.1/../../../../arm-none-eabi/lib/thumb/v7e-m+fp/hard\libc_nano.a(libc_a-strlen.o)
                0x080001d0                strlen
 .text          0x080001e0       0xa0 C:/ST/STM32CubeIDE_1.13.2/STM32CubeIDE/plugins/com.st.stm32cube.ide.mcu.externaltools.gnu-tools-for-stm32.12.3.rel1.win32_1.0.100.202403111256/tools/bin/../lib/gcc/arm-none-eabi/12.3.1/../../../../arm-none-eabi/lib/thumb/v7e-m+fp/hard\libc_nano.a(libc_a-memchr.o)
                0x080001e0                memchr
 .text          0x08000280       0x30 C:/ST/STM32CubeIDE_1.13.2/STM32CubeIDE/plugins/com.st.stm32cube.ide.mcu.externaltools.gnu-tools-for-stm32.12.3.rel1.win32_1.0.100.202403111256/tools/bin/../lib/gcc/arm-none-eabi/12.3.1/thumb/v7e-m+fp/hard\libgcc.a(_aeabi_uldivmod.o)
                0x08000280                __aeabi_uldivmod
 .text          0x080002b0      0x2bc C:/ST/STM32CubeIDE_1.13.2/STM32CubeIDE/plugins/com.st.stm32cube.ide.mcu.externaltools.gnu-tools-for-stm32.12.3.rel1.win32_1.0.100.202403111256/tools/bin/../lib/gcc/arm-none-eabi/12.3.1/thumb/v7e-m+fp/hard\libgcc.a(_udivmoddi4.o)
                0x080002b0                __udivmoddi4
 .text          0x0800056c        0x4 C:/ST/STM32CubeIDE_1.13.2/STM32CubeIDE/plugins/com.st.stm32cube.ide.mcu.externaltools.gnu-tools-for-stm32.12.3.rel1.win32_1.0.100.202403111256/tools/bin/../lib/gcc/arm-none-eabi/12.3.1/thumb/v7e-m+fp/hard\libgcc.a(_dvmd_tls.o)
                0x0800056c                __aeabi_idiv0
                0x0800056c                __aeabi_ldiv0
 *(.text*)
 .text.SELECT   0x08000570       0x18 ./Core/Src/fatfs_sd.o
 .text.DESELECT
                0x08000588       0x18 ./Core/Src/fatfs_sd.o
 .text.SPI_TxByte
                0x080005a0       0x34 ./Core/Src/fatfs_sd.o
 .text.SPI_RxByte
                0x080005d4       0x3c ./Core/Src/fatfs_sd.o
 .text.SPI_RxBytePtr
                0x08000610       0x1c ./Core/Src/fatfs_sd.o
 .text.SD_ReadyWait
                0x0800062c       0x38 ./Core/Src/fatfs_sd.o
 .text.SD_PowerOn
                0x08000664       0x98 ./Core/Src/fatfs_sd.o
 .text.SD_PowerOff
                0x080006fc       0x18 ./Core/Src/fatfs_sd.o
 .text.SD_CheckPower
                0x08000714       0x18 ./Core/Src/fatfs_sd.o
 .text.SD_RxDataBlock
                0x0800072c       0x6c ./Core/Src/fatfs_sd.o
 .text.SD_TxDataBlock
                0x08000798       0xa8 ./Core/Src/fatfs_sd.o
 .text.SD_SendCmd
                0x08000840       0xa4 ./Core/Src/fatfs_sd.o
 .text.SD_disk_initialize
                0x080008e4      0x1d4 ./Core/Src/fatfs_sd.o
                0x080008e4                SD_disk_initialize
 .text.SD_disk_status
                0x08000ab8       0x2c ./Core/Src/fatfs_sd.o
                0x08000ab8                SD_disk_status
 .text.SD_disk_read
                0x08000ae4       0xd4 ./Core/Src/fatfs_sd.o
                0x08000ae4                SD_disk_read
 .text.SD_disk_write
                0x08000bb8      0x108 ./Core/Src/fatfs_sd.o
                0x08000bb8                SD_disk_write
 .text.SD_disk_ioctl
                0x08000cc0      0x260 ./Core/Src/fatfs_sd.o
                0x08000cc0                SD_disk_ioctl
 .text.GetSector
                0x08000f20      0x160 ./Core/Src/flash.o
 .text.Flash_Write_Data
                0x08001080      0x10c ./Core/Src/flash.o
                0x08001080                Flash_Write_Data
 .text.__NVIC_SystemReset
                0x0800118c       0x2c ./Core/Src/main.o
 .text.main     0x080011b8       0xe0 ./Core/Src/main.o
                0x080011b8                main
 .text.SystemClock_Config
                0x08001298       0xbc ./Core/Src/main.o
                0x08001298                SystemClock_Config
 .text.MX_SPI1_Init
                0x08001354       0x6c ./Core/Src/main.o
 .text.MX_USART2_UART_Init
                0x080013c0       0x54 ./Core/Src/main.o
 .text.MX_GPIO_Init
                0x08001414      0x118 ./Core/Src/main.o
 .text.printMessage
                0x0800152c       0x44 ./Core/Src/main.o
                0x0800152c                printMessage
 .text.JumpToApplication
                0x08001570       0x44 ./Core/Src/main.o
                0x08001570                JumpToApplication
 .text.HAL_GPIO_EXTI_Callback
                0x080015b4       0x1c ./Core/Src/main.o
                0x080015b4                HAL_GPIO_EXTI_Callback
 .text.Error_Handler
                0x080015d0        0xc ./Core/Src/main.o
                0x080015d0                Error_Handler
 .text.HAL_MspInit
                0x080015dc       0x50 ./Core/Src/stm32f4xx_hal_msp.o
                0x080015dc                HAL_MspInit
 .text.HAL_SPI_MspInit
                0x0800162c       0x90 ./Core/Src/stm32f4xx_hal_msp.o
                0x0800162c                HAL_SPI_MspInit
 .text.HAL_UART_MspInit
                0x080016bc       0x90 ./Core/Src/stm32f4xx_hal_msp.o
                0x080016bc                HAL_UART_MspInit
 .text.SDTimer_Handler
                0x0800174c       0x48 ./Core/Src/stm32f4xx_it.o
                0x0800174c                SDTimer_Handler
 .text.NMI_Handler
                0x08001794        0x8 ./Core/Src/stm32f4xx_it.o
                0x08001794                NMI_Handler
 .text.HardFault_Handler
                0x0800179c        0x8 ./Core/Src/stm32f4xx_it.o
                0x0800179c                HardFault_Handler
 .text.MemManage_Handler
                0x080017a4        0x8 ./Core/Src/stm32f4xx_it.o
                0x080017a4                MemManage_Handler
 .text.BusFault_Handler
                0x080017ac        0x8 ./Core/Src/stm32f4xx_it.o
                0x080017ac                BusFault_Handler
 .text.UsageFault_Handler
                0x080017b4        0x8 ./Core/Src/stm32f4xx_it.o
                0x080017b4                UsageFault_Handler
 .text.SVC_Handler
                0x080017bc        0xe ./Core/Src/stm32f4xx_it.o
                0x080017bc                SVC_Handler
 .text.DebugMon_Handler
                0x080017ca        0xe ./Core/Src/stm32f4xx_it.o
                0x080017ca                DebugMon_Handler
 .text.PendSV_Handler
                0x080017d8        0xe ./Core/Src/stm32f4xx_it.o
                0x080017d8                PendSV_Handler
 *fill*         0x080017e6        0x2 
 .text.SysTick_Handler
                0x080017e8       0x34 ./Core/Src/stm32f4xx_it.o
                0x080017e8                SysTick_Handler
 .text.EXTI0_IRQHandler
                0x0800181c        0xe ./Core/Src/stm32f4xx_it.o
                0x0800181c                EXTI0_IRQHandler
 *fill*         0x0800182a        0x2 
 .text._sbrk    0x0800182c       0x6c ./Core/Src/sysmem.o
                0x0800182c                _sbrk
 .text.SystemInit
                0x08001898       0x24 ./Core/Src/system_stm32f4xx.o
                0x08001898                SystemInit
 .text.Reset_Handler
                0x080018bc       0x50 ./Core/Startup/startup_stm32f407vgtx.o
                0x080018bc                Reset_Handler
 .text.Default_Handler
                0x0800190c        0x2 ./Core/Startup/startup_stm32f407vgtx.o
                0x0800190c                RTC_Alarm_IRQHandler
                0x0800190c                HASH_RNG_IRQHandler
                0x0800190c                EXTI2_IRQHandler
                0x0800190c                TIM8_CC_IRQHandler
                0x0800190c                TIM1_CC_IRQHandler
                0x0800190c                DMA2_Stream5_IRQHandler
                0x0800190c                DMA1_Stream5_IRQHandler
                0x0800190c                PVD_IRQHandler
                0x0800190c                SDIO_IRQHandler
                0x0800190c                TAMP_STAMP_IRQHandler
                0x0800190c                CAN2_RX1_IRQHandler
                0x0800190c                EXTI3_IRQHandler
                0x0800190c                TIM8_TRG_COM_TIM14_IRQHandler
                0x0800190c                TIM1_UP_TIM10_IRQHandler
                0x0800190c                TIM8_UP_TIM13_IRQHandler
                0x0800190c                I2C3_ER_IRQHandler
                0x0800190c                I2C2_EV_IRQHandler
                0x0800190c                DMA1_Stream2_IRQHandler
                0x0800190c                CAN1_RX0_IRQHandler
                0x0800190c                FPU_IRQHandler
                0x0800190c                OTG_HS_WKUP_IRQHandler
                0x0800190c                CAN2_SCE_IRQHandler
                0x0800190c                DMA2_Stream2_IRQHandler
                0x0800190c                SPI1_IRQHandler
                0x0800190c                TIM6_DAC_IRQHandler
                0x0800190c                TIM1_BRK_TIM9_IRQHandler
                0x0800190c                DCMI_IRQHandler
                0x0800190c                CAN2_RX0_IRQHandler
                0x0800190c                DMA2_Stream3_IRQHandler
                0x0800190c                USART6_IRQHandler
                0x0800190c                USART3_IRQHandler
                0x0800190c                CAN1_RX1_IRQHandler
                0x0800190c                UART5_IRQHandler
                0x0800190c                DMA2_Stream0_IRQHandler
                0x0800190c                TIM4_IRQHandler
                0x0800190c                I2C1_EV_IRQHandler
                0x0800190c                DMA1_Stream6_IRQHandler
                0x0800190c                DMA1_Stream1_IRQHandler
                0x0800190c                UART4_IRQHandler
                0x0800190c                TIM3_IRQHandler
                0x0800190c                RCC_IRQHandler
                0x0800190c                TIM8_BRK_TIM12_IRQHandler
                0x0800190c                Default_Handler
                0x0800190c                EXTI15_10_IRQHandler
                0x0800190c                ADC_IRQHandler
                0x0800190c                DMA1_Stream7_IRQHandler
                0x0800190c                TIM7_IRQHandler
                0x0800190c                CAN2_TX_IRQHandler
                0x0800190c                TIM5_IRQHandler
                0x0800190c                DMA2_Stream7_IRQHandler
                0x0800190c                I2C3_EV_IRQHandler
                0x0800190c                EXTI9_5_IRQHandler
                0x0800190c                RTC_WKUP_IRQHandler
                0x0800190c                ETH_WKUP_IRQHandler
                0x0800190c                SPI2_IRQHandler
                0x0800190c                OTG_HS_EP1_IN_IRQHandler
                0x0800190c                DMA1_Stream0_IRQHandler
                0x0800190c                CAN1_TX_IRQHandler
                0x0800190c                EXTI4_IRQHandler
                0x0800190c                FSMC_IRQHandler
                0x0800190c                ETH_IRQHandler
                0x0800190c                OTG_HS_EP1_OUT_IRQHandler
                0x0800190c                WWDG_IRQHandler
                0x0800190c                TIM2_IRQHandler
                0x0800190c                OTG_FS_WKUP_IRQHandler
                0x0800190c                TIM1_TRG_COM_TIM11_IRQHandler
                0x0800190c                OTG_HS_IRQHandler
                0x0800190c                EXTI1_IRQHandler
                0x0800190c                USART2_IRQHandler
                0x0800190c                I2C2_ER_IRQHandler
                0x0800190c                DMA2_Stream1_IRQHandler
                0x0800190c                CAN1_SCE_IRQHandler
                0x0800190c                FLASH_IRQHandler
                0x0800190c                DMA2_Stream4_IRQHandler
                0x0800190c                USART1_IRQHandler
                0x0800190c                OTG_FS_IRQHandler
                0x0800190c                SPI3_IRQHandler
                0x0800190c                DMA1_Stream4_IRQHandler
                0x0800190c                I2C1_ER_IRQHandler
                0x0800190c                DMA2_Stream6_IRQHandler
                0x0800190c                DMA1_Stream3_IRQHandler
 *fill*         0x0800190e        0x2 
 .text.HAL_Init
                0x08001910       0x44 ./Drivers/STM32F4xx_HAL_Driver/Src/stm32f4xx_hal.o
                0x08001910                HAL_Init
 .text.HAL_InitTick
                0x08001954       0x60 ./Drivers/STM32F4xx_HAL_Driver/Src/stm32f4xx_hal.o
                0x08001954                HAL_InitTick
 .text.HAL_IncTick
                0x080019b4       0x28 ./Drivers/STM32F4xx_HAL_Driver/Src/stm32f4xx_hal.o
                0x080019b4                HAL_IncTick
 .text.HAL_GetTick
                0x080019dc       0x18 ./Drivers/STM32F4xx_HAL_Driver/Src/stm32f4xx_hal.o
                0x080019dc                HAL_GetTick
 .text.__NVIC_SetPriorityGrouping
                0x080019f4       0x48 ./Drivers/STM32F4xx_HAL_Driver/Src/stm32f4xx_hal_cortex.o
 .text.__NVIC_GetPriorityGrouping
                0x08001a3c       0x1c ./Drivers/STM32F4xx_HAL_Driver/Src/stm32f4xx_hal_cortex.o
 .text.__NVIC_EnableIRQ
                0x08001a58       0x3c ./Drivers/STM32F4xx_HAL_Driver/Src/stm32f4xx_hal_cortex.o
 .text.__NVIC_SetPriority
                0x08001a94       0x54 ./Drivers/STM32F4xx_HAL_Driver/Src/stm32f4xx_hal_cortex.o
 .text.NVIC_EncodePriority
                0x08001ae8       0x66 ./Drivers/STM32F4xx_HAL_Driver/Src/stm32f4xx_hal_cortex.o
 *fill*         0x08001b4e        0x2 
 .text.SysTick_Config
                0x08001b50       0x44 ./Drivers/STM32F4xx_HAL_Driver/Src/stm32f4xx_hal_cortex.o
 .text.HAL_NVIC_SetPriorityGrouping
                0x08001b94       0x16 ./Drivers/STM32F4xx_HAL_Driver/Src/stm32f4xx_hal_cortex.o
                0x08001b94                HAL_NVIC_SetPriorityGrouping
 .text.HAL_NVIC_SetPriority
                0x08001baa       0x38 ./Drivers/STM32F4xx_HAL_Driver/Src/stm32f4xx_hal_cortex.o
                0x08001baa                HAL_NVIC_SetPriority
 .text.HAL_NVIC_EnableIRQ
                0x08001be2       0x1c ./Drivers/STM32F4xx_HAL_Driver/Src/stm32f4xx_hal_cortex.o
                0x08001be2                HAL_NVIC_EnableIRQ
 .text.HAL_SYSTICK_Config
                0x08001bfe       0x18 ./Drivers/STM32F4xx_HAL_Driver/Src/stm32f4xx_hal_cortex.o
                0x08001bfe                HAL_SYSTICK_Config
 *fill*         0x08001c16        0x2 
 .text.HAL_FLASH_Program
                0x08001c18       0xa8 ./Drivers/STM32F4xx_HAL_Driver/Src/stm32f4xx_hal_flash.o
                0x08001c18                HAL_FLASH_Program
 .text.HAL_FLASH_Unlock
                0x08001cc0       0x44 ./Drivers/STM32F4xx_HAL_Driver/Src/stm32f4xx_hal_flash.o
                0x08001cc0                HAL_FLASH_Unlock
 .text.HAL_FLASH_Lock
                0x08001d04       0x20 ./Drivers/STM32F4xx_HAL_Driver/Src/stm32f4xx_hal_flash.o
                0x08001d04                HAL_FLASH_Lock
 .text.HAL_FLASH_GetError
                0x08001d24       0x18 ./Drivers/STM32F4xx_HAL_Driver/Src/stm32f4xx_hal_flash.o
                0x08001d24                HAL_FLASH_GetError
 .text.FLASH_WaitForLastOperation
                0x08001d3c       0x80 ./Drivers/STM32F4xx_HAL_Driver/Src/stm32f4xx_hal_flash.o
                0x08001d3c                FLASH_WaitForLastOperation
 .text.FLASH_Program_DoubleWord
                0x08001dbc       0x64 ./Drivers/STM32F4xx_HAL_Driver/Src/stm32f4xx_hal_flash.o
 .text.FLASH_Program_Word
                0x08001e20       0x44 ./Drivers/STM32F4xx_HAL_Driver/Src/stm32f4xx_hal_flash.o
 .text.FLASH_Program_HalfWord
                0x08001e64       0x48 ./Drivers/STM32F4xx_HAL_Driver/Src/stm32f4xx_hal_flash.o
 .text.FLASH_Program_Byte
                0x08001eac       0x44 ./Drivers/STM32F4xx_HAL_Driver/Src/stm32f4xx_hal_flash.o
 .text.FLASH_SetErrorCode
                0x08001ef0       0xac ./Drivers/STM32F4xx_HAL_Driver/Src/stm32f4xx_hal_flash.o
 .text.HAL_FLASHEx_Erase
                0x08001f9c       0xe0 ./Drivers/STM32F4xx_HAL_Driver/Src/stm32f4xx_hal_flash_ex.o
                0x08001f9c                HAL_FLASHEx_Erase
 .text.FLASH_MassErase
                0x0800207c       0x48 ./Drivers/STM32F4xx_HAL_Driver/Src/stm32f4xx_hal_flash_ex.o
 .text.FLASH_Erase_Sector
                0x080020c4       0x90 ./Drivers/STM32F4xx_HAL_Driver/Src/stm32f4xx_hal_flash_ex.o
                0x080020c4                FLASH_Erase_Sector
 .text.FLASH_FlushCaches
                0x08002154       0x8c ./Drivers/STM32F4xx_HAL_Driver/Src/stm32f4xx_hal_flash_ex.o
                0x08002154                FLASH_FlushCaches
 .text.HAL_GPIO_Init
                0x080021e0      0x338 ./Drivers/STM32F4xx_HAL_Driver/Src/stm32f4xx_hal_gpio.o
                0x080021e0                HAL_GPIO_Init
 .text.HAL_GPIO_WritePin
                0x08002518       0x32 ./Drivers/STM32F4xx_HAL_Driver/Src/stm32f4xx_hal_gpio.o
                0x08002518                HAL_GPIO_WritePin
 *fill*         0x0800254a        0x2 
 .text.HAL_GPIO_EXTI_IRQHandler
                0x0800254c       0x30 ./Drivers/STM32F4xx_HAL_Driver/Src/stm32f4xx_hal_gpio.o
                0x0800254c                HAL_GPIO_EXTI_IRQHandler
 .text.HAL_RCC_OscConfig
                0x0800257c      0x4f0 ./Drivers/STM32F4xx_HAL_Driver/Src/stm32f4xx_hal_rcc.o
                0x0800257c                HAL_RCC_OscConfig
 .text.HAL_RCC_ClockConfig
                0x08002a6c      0x1cc ./Drivers/STM32F4xx_HAL_Driver/Src/stm32f4xx_hal_rcc.o
                0x08002a6c                HAL_RCC_ClockConfig
 .text.HAL_RCC_GetSysClockFreq
                0x08002c38      0x18c ./Drivers/STM32F4xx_HAL_Driver/Src/stm32f4xx_hal_rcc.o
                0x08002c38                HAL_RCC_GetSysClockFreq
 .text.HAL_RCC_GetHCLKFreq
                0x08002dc4       0x18 ./Drivers/STM32F4xx_HAL_Driver/Src/stm32f4xx_hal_rcc.o
                0x08002dc4                HAL_RCC_GetHCLKFreq
 .text.HAL_RCC_GetPCLK1Freq
                0x08002ddc       0x28 ./Drivers/STM32F4xx_HAL_Driver/Src/stm32f4xx_hal_rcc.o
                0x08002ddc                HAL_RCC_GetPCLK1Freq
 .text.HAL_RCC_GetPCLK2Freq
                0x08002e04       0x28 ./Drivers/STM32F4xx_HAL_Driver/Src/stm32f4xx_hal_rcc.o
                0x08002e04                HAL_RCC_GetPCLK2Freq
 .text.HAL_SPI_Init
                0x08002e2c      0x112 ./Drivers/STM32F4xx_HAL_Driver/Src/stm32f4xx_hal_spi.o
                0x08002e2c                HAL_SPI_Init
 .text.HAL_SPI_Transmit
                0x08002f3e      0x286 ./Drivers/STM32F4xx_HAL_Driver/Src/stm32f4xx_hal_spi.o
                0x08002f3e                HAL_SPI_Transmit
 .text.HAL_SPI_TransmitReceive
                0x080031c4      0x360 ./Drivers/STM32F4xx_HAL_Driver/Src/stm32f4xx_hal_spi.o
                0x080031c4                HAL_SPI_TransmitReceive
 .text.HAL_SPI_GetState
                0x08003524       0x1c ./Drivers/STM32F4xx_HAL_Driver/Src/stm32f4xx_hal_spi.o
                0x08003524                HAL_SPI_GetState
 .text.SPI_WaitFlagStateUntilTimeout
                0x08003540      0x110 ./Drivers/STM32F4xx_HAL_Driver/Src/stm32f4xx_hal_spi.o
 .text.SPI_EndRxTxTransaction
                0x08003650       0xa8 ./Drivers/STM32F4xx_HAL_Driver/Src/stm32f4xx_hal_spi.o
 .text.HAL_UART_Init
                0x080036f8       0xa0 ./Drivers/STM32F4xx_HAL_Driver/Src/stm32f4xx_hal_uart.o
                0x080036f8                HAL_UART_Init
 .text.HAL_UART_Transmit
                0x08003798      0x116 ./Drivers/STM32F4xx_HAL_Driver/Src/stm32f4xx_hal_uart.o
                0x08003798                HAL_UART_Transmit
 .text.UART_WaitOnFlagUntilTimeout
                0x080038ae       0xb2 ./Drivers/STM32F4xx_HAL_Driver/Src/stm32f4xx_hal_uart.o
 .text.UART_EndRxTransfer
                0x08003960       0xc6 ./Drivers/STM32F4xx_HAL_Driver/Src/stm32f4xx_hal_uart.o
 *fill*         0x08003a26        0x2 
 .text.UART_SetConfig
                0x08003a28      0x4e8 ./Drivers/STM32F4xx_HAL_Driver/Src/stm32f4xx_hal_uart.o
 .text.MX_FATFS_Init
                0x08003f10       0x24 ./FATFS/App/fatfs.o
                0x08003f10                MX_FATFS_Init
 .text.get_fattime
                0x08003f34       0x10 ./FATFS/App/fatfs.o
                0x08003f34                get_fattime
 .text.USER_initialize
                0x08003f44       0x1c ./FATFS/Target/user_diskio.o
                0x08003f44                USER_initialize
 .text.USER_status
                0x08003f60       0x1c ./FATFS/Target/user_diskio.o
                0x08003f60                USER_status
 .text.USER_read
                0x08003f7c       0x26 ./FATFS/Target/user_diskio.o
                0x08003f7c                USER_read
 .text.USER_write
                0x08003fa2       0x26 ./FATFS/Target/user_diskio.o
                0x08003fa2                USER_write
 .text.USER_ioctl
                0x08003fc8       0x26 ./FATFS/Target/user_diskio.o
                0x08003fc8                USER_ioctl
 *fill*         0x08003fee        0x2 
 .text.disk_status
                0x08003ff0       0x34 ./Middlewares/Third_Party/FatFs/src/diskio.o
                0x08003ff0                disk_status
 .text.disk_initialize
                0x08004024       0x50 ./Middlewares/Third_Party/FatFs/src/diskio.o
                0x08004024                disk_initialize
 .text.disk_read
                0x08004074       0x40 ./Middlewares/Third_Party/FatFs/src/diskio.o
                0x08004074                disk_read
 .text.disk_write
                0x080040b4       0x40 ./Middlewares/Third_Party/FatFs/src/diskio.o
                0x080040b4                disk_write
 .text.disk_ioctl
                0x080040f4       0x3c ./Middlewares/Third_Party/FatFs/src/diskio.o
                0x080040f4                disk_ioctl
 .text.ld_word  0x08004130       0x30 ./Middlewares/Third_Party/FatFs/src/ff.o
 .text.ld_dword
                0x08004160       0x46 ./Middlewares/Third_Party/FatFs/src/ff.o
 .text.st_word  0x080041a6       0x36 ./Middlewares/Third_Party/FatFs/src/ff.o
 .text.st_dword
                0x080041dc       0x58 ./Middlewares/Third_Party/FatFs/src/ff.o
 .text.mem_cpy  0x08004234       0x42 ./Middlewares/Third_Party/FatFs/src/ff.o
 .text.mem_set  0x08004276       0x36 ./Middlewares/Third_Party/FatFs/src/ff.o
 .text.mem_cmp  0x080042ac       0x4e ./Middlewares/Third_Party/FatFs/src/ff.o
 .text.chk_chr  0x080042fa       0x36 ./Middlewares/Third_Party/FatFs/src/ff.o
 .text.chk_lock
                0x08004330       0xb8 ./Middlewares/Third_Party/FatFs/src/ff.o
 .text.enq_lock
                0x080043e8       0x44 ./Middlewares/Third_Party/FatFs/src/ff.o
 .text.inc_lock
                0x0800442c      0x11c ./Middlewares/Third_Party/FatFs/src/ff.o
 .text.dec_lock
                0x08004548       0x78 ./Middlewares/Third_Party/FatFs/src/ff.o
 .text.clear_lock
                0x080045c0       0x48 ./Middlewares/Third_Party/FatFs/src/ff.o
 .text.sync_window
                0x08004608       0x88 ./Middlewares/Third_Party/FatFs/src/ff.o
 .text.move_window
                0x08004690       0x5a ./Middlewares/Third_Party/FatFs/src/ff.o
 *fill*         0x080046ea        0x2 
 .text.sync_fs  0x080046ec       0xe0 ./Middlewares/Third_Party/FatFs/src/ff.o
 .text.clust2sect
                0x080047cc       0x3e ./Middlewares/Third_Party/FatFs/src/ff.o
 .text.get_fat  0x0800480a      0x1a6 ./Middlewares/Third_Party/FatFs/src/ff.o
 .text.put_fat  0x080049b0      0x234 ./Middlewares/Third_Party/FatFs/src/ff.o
 .text.remove_chain
                0x08004be4       0xca ./Middlewares/Third_Party/FatFs/src/ff.o
 .text.create_chain
                0x08004cae      0x130 ./Middlewares/Third_Party/FatFs/src/ff.o
 .text.clmt_clust
                0x08004dde       0x70 ./Middlewares/Third_Party/FatFs/src/ff.o
 .text.dir_sdi  0x08004e4e      0x112 ./Middlewares/Third_Party/FatFs/src/ff.o
 .text.dir_next
                0x08004f60      0x1ac ./Middlewares/Third_Party/FatFs/src/ff.o
 .text.dir_alloc
                0x0800510c       0x8e ./Middlewares/Third_Party/FatFs/src/ff.o
 .text.ld_clust
                0x0800519a       0x3e ./Middlewares/Third_Party/FatFs/src/ff.o
 .text.st_clust
                0x080051d8       0x40 ./Middlewares/Third_Party/FatFs/src/ff.o
 .text.cmp_lfn  0x08005218       0xe0 ./Middlewares/Third_Party/FatFs/src/ff.o
 .text.put_lfn  0x080052f8       0xd0 ./Middlewares/Third_Party/FatFs/src/ff.o
 .text.gen_numname
                0x080053c8      0x11c ./Middlewares/Third_Party/FatFs/src/ff.o
 .text.sum_sfn  0x080054e4       0x42 ./Middlewares/Third_Party/FatFs/src/ff.o
 .text.dir_find
                0x08005526      0x180 ./Middlewares/Third_Party/FatFs/src/ff.o
 *fill*         0x080056a6        0x2 
 .text.dir_register
                0x080056a8      0x1f0 ./Middlewares/Third_Party/FatFs/src/ff.o
 .text.create_name
                0x08005898      0x370 ./Middlewares/Third_Party/FatFs/src/ff.o
 .text.follow_path
                0x08005c08       0xec ./Middlewares/Third_Party/FatFs/src/ff.o
 .text.get_ldnumber
                0x08005cf4       0x88 ./Middlewares/Third_Party/FatFs/src/ff.o
 .text.check_fs
                0x08005d7c       0xac ./Middlewares/Third_Party/FatFs/src/ff.o
 .text.find_volume
                0x08005e28      0x50c ./Middlewares/Third_Party/FatFs/src/ff.o
 .text.validate
                0x08006334       0x6a ./Middlewares/Third_Party/FatFs/src/ff.o
 *fill*         0x0800639e        0x2 
 .text.f_mount  0x080063a0       0x8c ./Middlewares/Third_Party/FatFs/src/ff.o
                0x080063a0                f_mount
 .text.f_open   0x0800642c      0x390 ./Middlewares/Third_Party/FatFs/src/ff.o
                0x0800642c                f_open
 .text.f_read   0x080067bc      0x2be ./Middlewares/Third_Party/FatFs/src/ff.o
                0x080067bc                f_read
 .text.f_sync   0x08006a7a       0xfc ./Middlewares/Third_Party/FatFs/src/ff.o
                0x08006a7a                f_sync
 .text.f_close  0x08006b76       0x54 ./Middlewares/Third_Party/FatFs/src/ff.o
                0x08006b76                f_close
 *fill*         0x08006bca        0x2 
 .text.FATFS_LinkDriverEx
                0x08006bcc       0x98 ./Middlewares/Third_Party/FatFs/src/ff_gen_drv.o
                0x08006bcc                FATFS_LinkDriverEx
 .text.FATFS_LinkDriver
                0x08006c64       0x1e ./Middlewares/Third_Party/FatFs/src/ff_gen_drv.o
                0x08006c64                FATFS_LinkDriver
 *fill*         0x08006c82        0x2 
 .text.ff_convert
                0x08006c84       0x78 ./Middlewares/Third_Party/FatFs/src/option/ccsbcs.o
                0x08006c84                ff_convert
 .text.ff_wtoupper
                0x08006cfc      0x114 ./Middlewares/Third_Party/FatFs/src/option/ccsbcs.o
                0x08006cfc                ff_wtoupper
 .text._vsprintf_r
                0x08006e10       0x2c C:/ST/STM32CubeIDE_1.13.2/STM32CubeIDE/plugins/com.st.stm32cube.ide.mcu.externaltools.gnu-tools-for-stm32.12.3.rel1.win32_1.0.100.202403111256/tools/bin/../lib/gcc/arm-none-eabi/12.3.1/../../../../arm-none-eabi/lib/thumb/v7e-m+fp/hard\libc_nano.a(libc_a-vsprintf.o)
                0x08006e10                _vsprintf_r
                0x08006e10                _vsiprintf_r
 .text.vsprintf
                0x08006e3c       0x14 C:/ST/STM32CubeIDE_1.13.2/STM32CubeIDE/plugins/com.st.stm32cube.ide.mcu.externaltools.gnu-tools-for-stm32.12.3.rel1.win32_1.0.100.202403111256/tools/bin/../lib/gcc/arm-none-eabi/12.3.1/../../../../arm-none-eabi/lib/thumb/v7e-m+fp/hard\libc_nano.a(libc_a-vsprintf.o)
                0x08006e3c                vsiprintf
                0x08006e3c                vsprintf
 .text.memset   0x08006e50       0x10 C:/ST/STM32CubeIDE_1.13.2/STM32CubeIDE/plugins/com.st.stm32cube.ide.mcu.externaltools.gnu-tools-for-stm32.12.3.rel1.win32_1.0.100.202403111256/tools/bin/../lib/gcc/arm-none-eabi/12.3.1/../../../../arm-none-eabi/lib/thumb/v7e-m+fp/hard\libc_nano.a(libc_a-memset.o)
                0x08006e50                memset
 .text.__errno  0x08006e60        0xc C:/ST/STM32CubeIDE_1.13.2/STM32CubeIDE/plugins/com.st.stm32cube.ide.mcu.externaltools.gnu-tools-for-stm32.12.3.rel1.win32_1.0.100.202403111256/tools/bin/../lib/gcc/arm-none-eabi/12.3.1/../../../../arm-none-eabi/lib/thumb/v7e-m+fp/hard\libc_nano.a(libc_a-errno.o)
                0x08006e60                __errno
 .text.__libc_init_array
                0x08006e6c       0x48 C:/ST/STM32CubeIDE_1.13.2/STM32CubeIDE/plugins/com.st.stm32cube.ide.mcu.externaltools.gnu-tools-for-stm32.12.3.rel1.win32_1.0.100.202403111256/tools/bin/../lib/gcc/arm-none-eabi/12.3.1/../../../../arm-none-eabi/lib/thumb/v7e-m+fp/hard\libc_nano.a(libc_a-init.o)
                0x08006e6c                __libc_init_array
 .text.__retarget_lock_acquire_recursive
                0x08006eb4        0x2 C:/ST/STM32CubeIDE_1.13.2/STM32CubeIDE/plugins/com.st.stm32cube.ide.mcu.externaltools.gnu-tools-for-stm32.12.3.rel1.win32_1.0.100.202403111256/tools/bin/../lib/gcc/arm-none-eabi/12.3.1/../../../../arm-none-eabi/lib/thumb/v7e-m+fp/hard\libc_nano.a(libc_a-lock.o)
                0x08006eb4                __retarget_lock_acquire_recursive
 .text.__retarget_lock_release_recursive
                0x08006eb6        0x2 C:/ST/STM32CubeIDE_1.13.2/STM32CubeIDE/plugins/com.st.stm32cube.ide.mcu.externaltools.gnu-tools-for-stm32.12.3.rel1.win32_1.0.100.202403111256/tools/bin/../lib/gcc/arm-none-eabi/12.3.1/../../../../arm-none-eabi/lib/thumb/v7e-m+fp/hard\libc_nano.a(libc_a-lock.o)
                0x08006eb6                __retarget_lock_release_recursive
 .text._free_r  0x08006eb8       0x94 C:/ST/STM32CubeIDE_1.13.2/STM32CubeIDE/plugins/com.st.stm32cube.ide.mcu.externaltools.gnu-tools-for-stm32.12.3.rel1.win32_1.0.100.202403111256/tools/bin/../lib/gcc/arm-none-eabi/12.3.1/../../../../arm-none-eabi/lib/thumb/v7e-m+fp/hard\libc_nano.a(libc_a-freer.o)
                0x08006eb8                _free_r
 .text.sbrk_aligned
                0x08006f4c       0x44 C:/ST/STM32CubeIDE_1.13.2/STM32CubeIDE/plugins/com.st.stm32cube.ide.mcu.externaltools.gnu-tools-for-stm32.12.3.rel1.win32_1.0.100.202403111256/tools/bin/../lib/gcc/arm-none-eabi/12.3.1/../../../../arm-none-eabi/lib/thumb/v7e-m+fp/hard\libc_nano.a(libc_a-mallocr.o)
 .text._malloc_r
                0x08006f90      0x100 C:/ST/STM32CubeIDE_1.13.2/STM32CubeIDE/plugins/com.st.stm32cube.ide.mcu.externaltools.gnu-tools-for-stm32.12.3.rel1.win32_1.0.100.202403111256/tools/bin/../lib/gcc/arm-none-eabi/12.3.1/../../../../arm-none-eabi/lib/thumb/v7e-m+fp/hard\libc_nano.a(libc_a-mallocr.o)
                0x08006f90                _malloc_r
 .text.__malloc_lock
                0x08007090        0xc C:/ST/STM32CubeIDE_1.13.2/STM32CubeIDE/plugins/com.st.stm32cube.ide.mcu.externaltools.gnu-tools-for-stm32.12.3.rel1.win32_1.0.100.202403111256/tools/bin/../lib/gcc/arm-none-eabi/12.3.1/../../../../arm-none-eabi/lib/thumb/v7e-m+fp/hard\libc_nano.a(libc_a-mlock.o)
                0x08007090                __malloc_lock
 .text.__malloc_unlock
                0x0800709c        0xc C:/ST/STM32CubeIDE_1.13.2/STM32CubeIDE/plugins/com.st.stm32cube.ide.mcu.externaltools.gnu-tools-for-stm32.12.3.rel1.win32_1.0.100.202403111256/tools/bin/../lib/gcc/arm-none-eabi/12.3.1/../../../../arm-none-eabi/lib/thumb/v7e-m+fp/hard\libc_nano.a(libc_a-mlock.o)
                0x0800709c                __malloc_unlock
 .text.__ssputs_r
                0x080070a8       0xb6 C:/ST/STM32CubeIDE_1.13.2/STM32CubeIDE/plugins/com.st.stm32cube.ide.mcu.externaltools.gnu-tools-for-stm32.12.3.rel1.win32_1.0.100.202403111256/tools/bin/../lib/gcc/arm-none-eabi/12.3.1/../../../../arm-none-eabi/lib/thumb/v7e-m+fp/hard\libc_nano.a(libc_a-nano-svfprintf.o)
                0x080070a8                __ssputs_r
 *fill*         0x0800715e        0x2 
 .text._svfprintf_r
                0x08007160      0x1f8 C:/ST/STM32CubeIDE_1.13.2/STM32CubeIDE/plugins/com.st.stm32cube.ide.mcu.externaltools.gnu-tools-for-stm32.12.3.rel1.win32_1.0.100.202403111256/tools/bin/../lib/gcc/arm-none-eabi/12.3.1/../../../../arm-none-eabi/lib/thumb/v7e-m+fp/hard\libc_nano.a(libc_a-nano-svfprintf.o)
                0x08007160                _svfiprintf_r
                0x08007160                _svfprintf_r
 .text._printf_common
                0x08007358       0xda C:/ST/STM32CubeIDE_1.13.2/STM32CubeIDE/plugins/com.st.stm32cube.ide.mcu.externaltools.gnu-tools-for-stm32.12.3.rel1.win32_1.0.100.202403111256/tools/bin/../lib/gcc/arm-none-eabi/12.3.1/../../../../arm-none-eabi/lib/thumb/v7e-m+fp/hard\libc_nano.a(libc_a-nano-vfprintf_i.o)
                0x08007358                _printf_common
 *fill*         0x08007432        0x2 
 .text._printf_i
                0x08007434      0x240 C:/ST/STM32CubeIDE_1.13.2/STM32CubeIDE/plugins/com.st.stm32cube.ide.mcu.externaltools.gnu-tools-for-stm32.12.3.rel1.win32_1.0.100.202403111256/tools/bin/../lib/gcc/arm-none-eabi/12.3.1/../../../../arm-none-eabi/lib/thumb/v7e-m+fp/hard\libc_nano.a(libc_a-nano-vfprintf_i.o)
                0x08007434                _printf_i
 .text.memmove  0x08007674       0x34 C:/ST/STM32CubeIDE_1.13.2/STM32CubeIDE/plugins/com.st.stm32cube.ide.mcu.externaltools.gnu-tools-for-stm32.12.3.rel1.win32_1.0.100.202403111256/tools/bin/../lib/gcc/arm-none-eabi/12.3.1/../../../../arm-none-eabi/lib/thumb/v7e-m+fp/hard\libc_nano.a(libc_a-memmove.o)
                0x08007674                memmove
 .text._sbrk_r  0x080076a8       0x20 C:/ST/STM32CubeIDE_1.13.2/STM32CubeIDE/plugins/com.st.stm32cube.ide.mcu.externaltools.gnu-tools-for-stm32.12.3.rel1.win32_1.0.100.202403111256/tools/bin/../lib/gcc/arm-none-eabi/12.3.1/../../../../arm-none-eabi/lib/thumb/v7e-m+fp/hard\libc_nano.a(libc_a-sbrkr.o)
                0x080076a8                _sbrk_r
 .text.memcpy   0x080076c8       0x1c C:/ST/STM32CubeIDE_1.13.2/STM32CubeIDE/plugins/com.st.stm32cube.ide.mcu.externaltools.gnu-tools-for-stm32.12.3.rel1.win32_1.0.100.202403111256/tools/bin/../lib/gcc/arm-none-eabi/12.3.1/../../../../arm-none-eabi/lib/thumb/v7e-m+fp/hard\libc_nano.a(libc_a-memcpy-stub.o)
                0x080076c8                memcpy
 .text._realloc_r
                0x080076e4       0x5c C:/ST/STM32CubeIDE_1.13.2/STM32CubeIDE/plugins/com.st.stm32cube.ide.mcu.externaltools.gnu-tools-for-stm32.12.3.rel1.win32_1.0.100.202403111256/tools/bin/../lib/gcc/arm-none-eabi/12.3.1/../../../../arm-none-eabi/lib/thumb/v7e-m+fp/hard\libc_nano.a(libc_a-reallocr.o)
                0x080076e4                _realloc_r
 .text._malloc_usable_size_r
                0x08007740       0x10 C:/ST/STM32CubeIDE_1.13.2/STM32CubeIDE/plugins/com.st.stm32cube.ide.mcu.externaltools.gnu-tools-for-stm32.12.3.rel1.win32_1.0.100.202403111256/tools/bin/../lib/gcc/arm-none-eabi/12.3.1/../../../../arm-none-eabi/lib/thumb/v7e-m+fp/hard\libc_nano.a(libc_a-msizer.o)
                0x08007740                _malloc_usable_size_r
 *(.glue_7)
 .glue_7        0x08007750        0x0 linker stubs
 *(.glue_7t)
 .glue_7t       0x08007750        0x0 linker stubs
 *(.eh_frame)
 .eh_frame      0x08007750        0x0 C:/ST/STM32CubeIDE_1.13.2/STM32CubeIDE/plugins/com.st.stm32cube.ide.mcu.externaltools.gnu-tools-for-stm32.12.3.rel1.win32_1.0.100.202403111256/tools/bin/../lib/gcc/arm-none-eabi/12.3.1/thumb/v7e-m+fp/hard/crtbegin.o
 *(.init)
 .init          0x08007750        0x4 C:/ST/STM32CubeIDE_1.13.2/STM32CubeIDE/plugins/com.st.stm32cube.ide.mcu.externaltools.gnu-tools-for-stm32.12.3.rel1.win32_1.0.100.202403111256/tools/bin/../lib/gcc/arm-none-eabi/12.3.1/thumb/v7e-m+fp/hard/crti.o
                0x08007750                _init
 .init          0x08007754        0x8 C:/ST/STM32CubeIDE_1.13.2/STM32CubeIDE/plugins/com.st.stm32cube.ide.mcu.externaltools.gnu-tools-for-stm32.12.3.rel1.win32_1.0.100.202403111256/tools/bin/../lib/gcc/arm-none-eabi/12.3.1/thumb/v7e-m+fp/hard/crtn.o
 *(.fini)
 .fini          0x0800775c        0x4 C:/ST/STM32CubeIDE_1.13.2/STM32CubeIDE/plugins/com.st.stm32cube.ide.mcu.externaltools.gnu-tools-for-stm32.12.3.rel1.win32_1.0.100.202403111256/tools/bin/../lib/gcc/arm-none-eabi/12.3.1/thumb/v7e-m+fp/hard/crti.o
                0x0800775c                _fini
 .fini          0x08007760        0x8 C:/ST/STM32CubeIDE_1.13.2/STM32CubeIDE/plugins/com.st.stm32cube.ide.mcu.externaltools.gnu-tools-for-stm32.12.3.rel1.win32_1.0.100.202403111256/tools/bin/../lib/gcc/arm-none-eabi/12.3.1/thumb/v7e-m+fp/hard/crtn.o
                0x08007768                        . = ALIGN (0x4)
                0x08007768                        _etext = .

.vfp11_veneer   0x08007768        0x0
 .vfp11_veneer  0x08007768        0x0 linker stubs

.v4_bx          0x08007768        0x0
 .v4_bx         0x08007768        0x0 linker stubs

.iplt           0x08007768        0x0
 .iplt          0x08007768        0x0 C:/ST/STM32CubeIDE_1.13.2/STM32CubeIDE/plugins/com.st.stm32cube.ide.mcu.externaltools.gnu-tools-for-stm32.12.3.rel1.win32_1.0.100.202403111256/tools/bin/../lib/gcc/arm-none-eabi/12.3.1/thumb/v7e-m+fp/hard/crtbegin.o

.rodata         0x08007768      0x634
                0x08007768                        . = ALIGN (0x4)
 *(.rodata)
 .rodata        0x08007768      0x15d ./Core/Src/main.o
 *fill*         0x080078c5        0x3 
 .rodata        0x080078c8       0x48 ./Middlewares/Third_Party/FatFs/src/ff.o
 *(.rodata*)
 .rodata.AHBPrescTable
                0x08007910       0x10 ./Core/Src/system_stm32f4xx.o
                0x08007910                AHBPrescTable
 .rodata.APBPrescTable
                0x08007920        0x8 ./Core/Src/system_stm32f4xx.o
                0x08007920                APBPrescTable
 .rodata.ExCvt  0x08007928       0x80 ./Middlewares/Third_Party/FatFs/src/ff.o
 .rodata.LfnOfs
                0x080079a8        0xd ./Middlewares/Third_Party/FatFs/src/ff.o
 *fill*         0x080079b5        0x3 
 .rodata.Tbl    0x080079b8      0x100 ./Middlewares/Third_Party/FatFs/src/option/ccsbcs.o
 .rodata.cvt1.1
                0x08007ab8      0x1f2 ./Middlewares/Third_Party/FatFs/src/option/ccsbcs.o
 *fill*         0x08007caa        0x2 
 .rodata.cvt2.0
                0x08007cac       0xbc ./Middlewares/Third_Party/FatFs/src/option/ccsbcs.o
 .rodata._svfprintf_r.str1.1
                0x08007d68       0x11 C:/ST/STM32CubeIDE_1.13.2/STM32CubeIDE/plugins/com.st.stm32cube.ide.mcu.externaltools.gnu-tools-for-stm32.12.3.rel1.win32_1.0.100.202403111256/tools/bin/../lib/gcc/arm-none-eabi/12.3.1/../../../../arm-none-eabi/lib/thumb/v7e-m+fp/hard\libc_nano.a(libc_a-nano-svfprintf.o)
 .rodata._printf_i.str1.1
                0x08007d79       0x22 C:/ST/STM32CubeIDE_1.13.2/STM32CubeIDE/plugins/com.st.stm32cube.ide.mcu.externaltools.gnu-tools-for-stm32.12.3.rel1.win32_1.0.100.202403111256/tools/bin/../lib/gcc/arm-none-eabi/12.3.1/../../../../arm-none-eabi/lib/thumb/v7e-m+fp/hard\libc_nano.a(libc_a-nano-vfprintf_i.o)
                0x08007d9c                        . = ALIGN (0x4)
 *fill*         0x08007d9b        0x1 

.ARM.extab      0x08007d9c        0x0
                0x08007d9c                        . = ALIGN (0x4)
 *(.ARM.extab* .gnu.linkonce.armextab.*)
                0x08007d9c                        . = ALIGN (0x4)

.ARM            0x08007d9c        0x8
                0x08007d9c                        . = ALIGN (0x4)
                0x08007d9c                        __exidx_start = .
 *(.ARM.exidx*)
 .ARM.exidx     0x08007d9c        0x8 C:/ST/STM32CubeIDE_1.13.2/STM32CubeIDE/plugins/com.st.stm32cube.ide.mcu.externaltools.gnu-tools-for-stm32.12.3.rel1.win32_1.0.100.202403111256/tools/bin/../lib/gcc/arm-none-eabi/12.3.1/../../../../arm-none-eabi/lib/thumb/v7e-m+fp/hard\libc_nano.a(libc_a-strlen.o)
 .ARM.exidx     0x08007da4        0x0 C:/ST/STM32CubeIDE_1.13.2/STM32CubeIDE/plugins/com.st.stm32cube.ide.mcu.externaltools.gnu-tools-for-stm32.12.3.rel1.win32_1.0.100.202403111256/tools/bin/../lib/gcc/arm-none-eabi/12.3.1/../../../../arm-none-eabi/lib/thumb/v7e-m+fp/hard\libc_nano.a(libc_a-memchr.o)
                                  0x8 (size before relaxing)
 .ARM.exidx     0x08007da4        0x0 C:/ST/STM32CubeIDE_1.13.2/STM32CubeIDE/plugins/com.st.stm32cube.ide.mcu.externaltools.gnu-tools-for-stm32.12.3.rel1.win32_1.0.100.202403111256/tools/bin/../lib/gcc/arm-none-eabi/12.3.1/thumb/v7e-m+fp/hard\libgcc.a(_udivmoddi4.o)
                                  0x8 (size before relaxing)
                0x08007da4                        __exidx_end = .
                0x08007da4                        . = ALIGN (0x4)

.preinit_array  0x08007da4        0x0
                0x08007da4                        . = ALIGN (0x4)
                0x08007da4                        PROVIDE (__preinit_array_start = .)
 *(.preinit_array*)
                0x08007da4                        PROVIDE (__preinit_array_end = .)
                0x08007da4                        . = ALIGN (0x4)

.init_array     0x08007da4        0x4
                0x08007da4                        . = ALIGN (0x4)
                0x08007da4                        PROVIDE (__init_array_start = .)
 *(SORT_BY_NAME(.init_array.*))
 *(.init_array*)
 .init_array    0x08007da4        0x4 C:/ST/STM32CubeIDE_1.13.2/STM32CubeIDE/plugins/com.st.stm32cube.ide.mcu.externaltools.gnu-tools-for-stm32.12.3.rel1.win32_1.0.100.202403111256/tools/bin/../lib/gcc/arm-none-eabi/12.3.1/thumb/v7e-m+fp/hard/crtbegin.o
                0x08007da8                        PROVIDE (__init_array_end = .)
                0x08007da8                        . = ALIGN (0x4)

.fini_array     0x08007da8        0x4
                0x08007da8                        . = ALIGN (0x4)
                [!provide]                        PROVIDE (__fini_array_start = .)
 *(SORT_BY_NAME(.fini_array.*))
 *(.fini_array*)
 .fini_array    0x08007da8        0x4 C:/ST/STM32CubeIDE_1.13.2/STM32CubeIDE/plugins/com.st.stm32cube.ide.mcu.externaltools.gnu-tools-for-stm32.12.3.rel1.win32_1.0.100.202403111256/tools/bin/../lib/gcc/arm-none-eabi/12.3.1/thumb/v7e-m+fp/hard/crtbegin.o
                [!provide]                        PROVIDE (__fini_array_end = .)
                0x08007dac                        . = ALIGN (0x4)
                0x08007dac                        _sidata = LOADADDR (.data)

.rel.dyn        0x08007dac        0x0
 .rel.iplt      0x08007dac        0x0 C:/ST/STM32CubeIDE_1.13.2/STM32CubeIDE/plugins/com.st.stm32cube.ide.mcu.externaltools.gnu-tools-for-stm32.12.3.rel1.win32_1.0.100.202403111256/tools/bin/../lib/gcc/arm-none-eabi/12.3.1/thumb/v7e-m+fp/hard/crtbegin.o

.data           0x20000000       0x78 load address 0x08007dac
                0x20000000                        . = ALIGN (0x4)
                0x20000000                        _sdata = .
 *(.data)
 *(.data*)
 .data.Stat     0x20000000        0x1 ./Core/Src/fatfs_sd.o
 *fill*         0x20000001        0x3 
 .data.appAddress
                0x20000004        0x4 ./Core/Src/main.o
                0x20000004                appAddress
 .data.SystemCoreClock
                0x20000008        0x4 ./Core/Src/system_stm32f4xx.o
                0x20000008                SystemCoreClock
 .data.uwTickPrio
                0x2000000c        0x4 ./Drivers/STM32F4xx_HAL_Driver/Src/stm32f4xx_hal.o
                0x2000000c                uwTickPrio
 .data.uwTickFreq
                0x20000010        0x1 ./Drivers/STM32F4xx_HAL_Driver/Src/stm32f4xx_hal.o
                0x20000010                uwTickFreq
 *fill*         0x20000011        0x3 
 .data.USER_Driver
                0x20000014       0x14 ./FATFS/Target/user_diskio.o
                0x20000014                USER_Driver
 .data._impure_ptr
                0x20000028        0x4 C:/ST/STM32CubeIDE_1.13.2/STM32CubeIDE/plugins/com.st.stm32cube.ide.mcu.externaltools.gnu-tools-for-stm32.12.3.rel1.win32_1.0.100.202403111256/tools/bin/../lib/gcc/arm-none-eabi/12.3.1/../../../../arm-none-eabi/lib/thumb/v7e-m+fp/hard\libc_nano.a(libc_a-impure.o)
                0x20000028                _impure_ptr
 .data._impure_data
                0x2000002c       0x4c C:/ST/STM32CubeIDE_1.13.2/STM32CubeIDE/plugins/com.st.stm32cube.ide.mcu.externaltools.gnu-tools-for-stm32.12.3.rel1.win32_1.0.100.202403111256/tools/bin/../lib/gcc/arm-none-eabi/12.3.1/../../../../arm-none-eabi/lib/thumb/v7e-m+fp/hard\libc_nano.a(libc_a-impure.o)
                0x2000002c                _impure_data
 *(.RamFunc)
 *(.RamFunc*)
                0x20000078                        . = ALIGN (0x4)
                0x20000078                        _edata = .
                0x08007e24                        _siccmram = LOADADDR (.ccmram)

.igot.plt       0x20000078        0x0 load address 0x08007e24
 .igot.plt      0x20000078        0x0 C:/ST/STM32CubeIDE_1.13.2/STM32CubeIDE/plugins/com.st.stm32cube.ide.mcu.externaltools.gnu-tools-for-stm32.12.3.rel1.win32_1.0.100.202403111256/tools/bin/../lib/gcc/arm-none-eabi/12.3.1/thumb/v7e-m+fp/hard/crtbegin.o

.ccmram         0x10000000        0x0 load address 0x08007e24
                0x10000000                        . = ALIGN (0x4)
                0x10000000                        _sccmram = .
 *(.ccmram)
 *(.ccmram*)
                0x10000000                        . = ALIGN (0x4)
                0x10000000                        _eccmram = .
                0x10000000                        . = ALIGN (0x4)

.bss            0x20000078     0x53d4
                0x20000078                        _sbss = .
                0x20000078                        __bss_start__ = _sbss
 *(.bss)
 .bss           0x20000078       0x1c C:/ST/STM32CubeIDE_1.13.2/STM32CubeIDE/plugins/com.st.stm32cube.ide.mcu.externaltools.gnu-tools-for-stm32.12.3.rel1.win32_1.0.100.202403111256/tools/bin/../lib/gcc/arm-none-eabi/12.3.1/thumb/v7e-m+fp/hard/crtbegin.o
 *(.bss*)
 .bss.CardType  0x20000094        0x1 ./Core/Src/fatfs_sd.o
 .bss.PowerFlag
                0x20000095        0x1 ./Core/Src/fatfs_sd.o
 *fill*         0x20000096        0x2 
 .bss.EraseInitStruct.0
                0x20000098       0x14 ./Core/Src/flash.o
 .bss.buffer2   0x200000ac     0x2ee0 ./Core/Src/main.o
                0x200000ac                buffer2
 .bss.fs        0x20002f8c     0x1038 ./Core/Src/main.o
                0x20002f8c                fs
 .bss.file      0x20003fc4     0x1030 ./Core/Src/main.o
                0x20003fc4                file
 .bss.fresult   0x20004ff4        0x1 ./Core/Src/main.o
                0x20004ff4                fresult
 *fill*         0x20004ff5        0x3 
 .bss.br        0x20004ff8        0x4 ./Core/Src/main.o
                0x20004ff8                br
 .bss.hspi1     0x20004ffc       0x58 ./Core/Src/main.o
                0x20004ffc                hspi1
 .bss.huart2    0x20005054       0x48 ./Core/Src/main.o
                0x20005054                huart2
 .bss.FatFsCnt  0x2000509c        0x1 ./Core/Src/stm32f4xx_it.o
                0x2000509c                FatFsCnt
 .bss.Timer1    0x2000509d        0x1 ./Core/Src/stm32f4xx_it.o
                0x2000509d                Timer1
 .bss.Timer2    0x2000509e        0x1 ./Core/Src/stm32f4xx_it.o
                0x2000509e                Timer2
 *fill*         0x2000509f        0x1 
 .bss.__sbrk_heap_end
                0x200050a0        0x4 ./Core/Src/sysmem.o
 .bss.uwTick    0x200050a4        0x4 ./Drivers/STM32F4xx_HAL_Driver/Src/stm32f4xx_hal.o
                0x200050a4                uwTick
 .bss.pFlash    0x200050a8       0x20 ./Drivers/STM32F4xx_HAL_Driver/Src/stm32f4xx_hal_flash.o
                0x200050a8                pFlash
 .bss.retUSER   0x200050c8        0x1 ./FATFS/App/fatfs.o
                0x200050c8                retUSER
 *fill*         0x200050c9        0x3 
 .bss.USERPath  0x200050cc        0x4 ./FATFS/App/fatfs.o
                0x200050cc                USERPath
 .bss.FatFs     0x200050d0        0x4 ./Middlewares/Third_Party/FatFs/src/ff.o
 .bss.Fsid      0x200050d4        0x2 ./Middlewares/Third_Party/FatFs/src/ff.o
 *fill*         0x200050d6        0x2 
 .bss.Files     0x200050d8       0x20 ./Middlewares/Third_Party/FatFs/src/ff.o
 .bss.LfnBuf    0x200050f8      0x200 ./Middlewares/Third_Party/FatFs/src/ff.o
 .bss.disk      0x200052f8        0xc ./Middlewares/Third_Party/FatFs/src/ff_gen_drv.o
                0x200052f8                disk
 .bss.__sf      0x20005304      0x138 C:/ST/STM32CubeIDE_1.13.2/STM32CubeIDE/plugins/com.st.stm32cube.ide.mcu.externaltools.gnu-tools-for-stm32.12.3.rel1.win32_1.0.100.202403111256/tools/bin/../lib/gcc/arm-none-eabi/12.3.1/../../../../arm-none-eabi/lib/thumb/v7e-m+fp/hard\libc_nano.a(libc_a-findfp.o)
                0x20005304                __sf
 .bss.errno     0x2000543c        0x4 C:/ST/STM32CubeIDE_1.13.2/STM32CubeIDE/plugins/com.st.stm32cube.ide.mcu.externaltools.gnu-tools-for-stm32.12.3.rel1.win32_1.0.100.202403111256/tools/bin/../lib/gcc/arm-none-eabi/12.3.1/../../../../arm-none-eabi/lib/thumb/v7e-m+fp/hard\libc_nano.a(libc_a-reent.o)
                0x2000543c                errno
 .bss.__lock___malloc_recursive_mutex
                0x20005440        0x1 C:/ST/STM32CubeIDE_1.13.2/STM32CubeIDE/plugins/com.st.stm32cube.ide.mcu.externaltools.gnu-tools-for-stm32.12.3.rel1.win32_1.0.100.202403111256/tools/bin/../lib/gcc/arm-none-eabi/12.3.1/../../../../arm-none-eabi/lib/thumb/v7e-m+fp/hard\libc_nano.a(libc_a-lock.o)
                0x20005440                __lock___malloc_recursive_mutex
 *fill*         0x20005441        0x3 
 .bss.__malloc_sbrk_start
                0x20005444        0x4 C:/ST/STM32CubeIDE_1.13.2/STM32CubeIDE/plugins/com.st.stm32cube.ide.mcu.externaltools.gnu-tools-for-stm32.12.3.rel1.win32_1.0.100.202403111256/tools/bin/../lib/gcc/arm-none-eabi/12.3.1/../../../../arm-none-eabi/lib/thumb/v7e-m+fp/hard\libc_nano.a(libc_a-mallocr.o)
                0x20005444                __malloc_sbrk_start
 .bss.__malloc_free_list
                0x20005448        0x4 C:/ST/STM32CubeIDE_1.13.2/STM32CubeIDE/plugins/com.st.stm32cube.ide.mcu.externaltools.gnu-tools-for-stm32.12.3.rel1.win32_1.0.100.202403111256/tools/bin/../lib/gcc/arm-none-eabi/12.3.1/../../../../arm-none-eabi/lib/thumb/v7e-m+fp/hard\libc_nano.a(libc_a-mallocr.o)
                0x20005448                __malloc_free_list
 *(COMMON)
                0x2000544c                        . = ALIGN (0x4)
                0x2000544c                        _ebss = .
                0x2000544c                        __bss_end__ = _ebss

._user_heap_stack
                0x2000544c      0x604
                0x20005450                        . = ALIGN (0x8)
 *fill*         0x2000544c        0x4 
                [!provide]                        PROVIDE (end = .)
                0x20005450                        PROVIDE (_end = .)
                0x20005650                        . = (. + _Min_Heap_Size)
 *fill*         0x20005450      0x200 
                0x20005a50                        . = (. + _Min_Stack_Size)
 *fill*         0x20005650      0x400 
                0x20005a50                        . = ALIGN (0x8)

/DISCARD/
 libc.a(*)
 libm.a(*)
 libgcc.a(*)

.ARM.attributes
                0x00000000       0x30
 *(.ARM.attributes)
 .ARM.attributes
                0x00000000       0x22 C:/ST/STM32CubeIDE_1.13.2/STM32CubeIDE/plugins/com.st.stm32cube.ide.mcu.externaltools.gnu-tools-for-stm32.12.3.rel1.win32_1.0.100.202403111256/tools/bin/../lib/gcc/arm-none-eabi/12.3.1/thumb/v7e-m+fp/hard/crti.o
 .ARM.attributes
                0x00000022       0x34 C:/ST/STM32CubeIDE_1.13.2/STM32CubeIDE/plugins/com.st.stm32cube.ide.mcu.externaltools.gnu-tools-for-stm32.12.3.rel1.win32_1.0.100.202403111256/tools/bin/../lib/gcc/arm-none-eabi/12.3.1/thumb/v7e-m+fp/hard/crtbegin.o
 .ARM.attributes
                0x00000056       0x34 ./Core/Src/fatfs_sd.o
 .ARM.attributes
                0x0000008a       0x34 ./Core/Src/flash.o
 .ARM.attributes
                0x000000be       0x34 ./Core/Src/main.o
 .ARM.attributes
                0x000000f2       0x34 ./Core/Src/stm32f4xx_hal_msp.o
 .ARM.attributes
                0x00000126       0x34 ./Core/Src/stm32f4xx_it.o
 .ARM.attributes
                0x0000015a       0x34 ./Core/Src/sysmem.o
 .ARM.attributes
                0x0000018e       0x34 ./Core/Src/system_stm32f4xx.o
 .ARM.attributes
                0x000001c2       0x21 ./Core/Startup/startup_stm32f407vgtx.o
 .ARM.attributes
                0x000001e3       0x34 ./Drivers/STM32F4xx_HAL_Driver/Src/stm32f4xx_hal.o
 .ARM.attributes
                0x00000217       0x34 ./Drivers/STM32F4xx_HAL_Driver/Src/stm32f4xx_hal_cortex.o
 .ARM.attributes
                0x0000024b       0x34 ./Drivers/STM32F4xx_HAL_Driver/Src/stm32f4xx_hal_flash.o
 .ARM.attributes
                0x0000027f       0x34 ./Drivers/STM32F4xx_HAL_Driver/Src/stm32f4xx_hal_flash_ex.o
 .ARM.attributes
                0x000002b3       0x34 ./Drivers/STM32F4xx_HAL_Driver/Src/stm32f4xx_hal_gpio.o
 .ARM.attributes
                0x000002e7       0x34 ./Drivers/STM32F4xx_HAL_Driver/Src/stm32f4xx_hal_rcc.o
 .ARM.attributes
                0x0000031b       0x34 ./Drivers/STM32F4xx_HAL_Driver/Src/stm32f4xx_hal_spi.o
 .ARM.attributes
                0x0000034f       0x34 ./Drivers/STM32F4xx_HAL_Driver/Src/stm32f4xx_hal_uart.o
 .ARM.attributes
                0x00000383       0x34 ./FATFS/App/fatfs.o
 .ARM.attributes
                0x000003b7       0x34 ./FATFS/Target/user_diskio.o
 .ARM.attributes
                0x000003eb       0x34 ./Middlewares/Third_Party/FatFs/src/diskio.o
 .ARM.attributes
                0x0000041f       0x34 ./Middlewares/Third_Party/FatFs/src/ff.o
 .ARM.attributes
                0x00000453       0x34 ./Middlewares/Third_Party/FatFs/src/ff_gen_drv.o
 .ARM.attributes
                0x00000487       0x34 ./Middlewares/Third_Party/FatFs/src/option/ccsbcs.o
 .ARM.attributes
                0x000004bb       0x34 C:/ST/STM32CubeIDE_1.13.2/STM32CubeIDE/plugins/com.st.stm32cube.ide.mcu.externaltools.gnu-tools-for-stm32.12.3.rel1.win32_1.0.100.202403111256/tools/bin/../lib/gcc/arm-none-eabi/12.3.1/../../../../arm-none-eabi/lib/thumb/v7e-m+fp/hard\libc_nano.a(libc_a-findfp.o)
 .ARM.attributes
                0x000004ef       0x34 C:/ST/STM32CubeIDE_1.13.2/STM32CubeIDE/plugins/com.st.stm32cube.ide.mcu.externaltools.gnu-tools-for-stm32.12.3.rel1.win32_1.0.100.202403111256/tools/bin/../lib/gcc/arm-none-eabi/12.3.1/../../../../arm-none-eabi/lib/thumb/v7e-m+fp/hard\libc_nano.a(libc_a-vsprintf.o)
 .ARM.attributes
                0x00000523       0x34 C:/ST/STM32CubeIDE_1.13.2/STM32CubeIDE/plugins/com.st.stm32cube.ide.mcu.externaltools.gnu-tools-for-stm32.12.3.rel1.win32_1.0.100.202403111256/tools/bin/../lib/gcc/arm-none-eabi/12.3.1/../../../../arm-none-eabi/lib/thumb/v7e-m+fp/hard\libc_nano.a(libc_a-memset.o)
 .ARM.attributes
                0x00000557       0x34 C:/ST/STM32CubeIDE_1.13.2/STM32CubeIDE/plugins/com.st.stm32cube.ide.mcu.externaltools.gnu-tools-for-stm32.12.3.rel1.win32_1.0.100.202403111256/tools/bin/../lib/gcc/arm-none-eabi/12.3.1/../../../../arm-none-eabi/lib/thumb/v7e-m+fp/hard\libc_nano.a(libc_a-reent.o)
 .ARM.attributes
                0x0000058b       0x34 C:/ST/STM32CubeIDE_1.13.2/STM32CubeIDE/plugins/com.st.stm32cube.ide.mcu.externaltools.gnu-tools-for-stm32.12.3.rel1.win32_1.0.100.202403111256/tools/bin/../lib/gcc/arm-none-eabi/12.3.1/../../../../arm-none-eabi/lib/thumb/v7e-m+fp/hard\libc_nano.a(libc_a-impure.o)
 .ARM.attributes
                0x000005bf       0x34 C:/ST/STM32CubeIDE_1.13.2/STM32CubeIDE/plugins/com.st.stm32cube.ide.mcu.externaltools.gnu-tools-for-stm32.12.3.rel1.win32_1.0.100.202403111256/tools/bin/../lib/gcc/arm-none-eabi/12.3.1/../../../../arm-none-eabi/lib/thumb/v7e-m+fp/hard\libc_nano.a(libc_a-errno.o)
 .ARM.attributes
                0x000005f3       0x34 C:/ST/STM32CubeIDE_1.13.2/STM32CubeIDE/plugins/com.st.stm32cube.ide.mcu.externaltools.gnu-tools-for-stm32.12.3.rel1.win32_1.0.100.202403111256/tools/bin/../lib/gcc/arm-none-eabi/12.3.1/../../../../arm-none-eabi/lib/thumb/v7e-m+fp/hard\libc_nano.a(libc_a-init.o)
 .ARM.attributes
                0x00000627       0x34 C:/ST/STM32CubeIDE_1.13.2/STM32CubeIDE/plugins/com.st.stm32cube.ide.mcu.externaltools.gnu-tools-for-stm32.12.3.rel1.win32_1.0.100.202403111256/tools/bin/../lib/gcc/arm-none-eabi/12.3.1/../../../../arm-none-eabi/lib/thumb/v7e-m+fp/hard\libc_nano.a(libc_a-lock.o)
 .ARM.attributes
                0x0000065b       0x17 C:/ST/STM32CubeIDE_1.13.2/STM32CubeIDE/plugins/com.st.stm32cube.ide.mcu.externaltools.gnu-tools-for-stm32.12.3.rel1.win32_1.0.100.202403111256/tools/bin/../lib/gcc/arm-none-eabi/12.3.1/../../../../arm-none-eabi/lib/thumb/v7e-m+fp/hard\libc_nano.a(libc_a-strlen.o)
 .ARM.attributes
                0x00000672       0x34 C:/ST/STM32CubeIDE_1.13.2/STM32CubeIDE/plugins/com.st.stm32cube.ide.mcu.externaltools.gnu-tools-for-stm32.12.3.rel1.win32_1.0.100.202403111256/tools/bin/../lib/gcc/arm-none-eabi/12.3.1/../../../../arm-none-eabi/lib/thumb/v7e-m+fp/hard\libc_nano.a(libc_a-freer.o)
 .ARM.attributes
                0x000006a6       0x34 C:/ST/STM32CubeIDE_1.13.2/STM32CubeIDE/plugins/com.st.stm32cube.ide.mcu.externaltools.gnu-tools-for-stm32.12.3.rel1.win32_1.0.100.202403111256/tools/bin/../lib/gcc/arm-none-eabi/12.3.1/../../../../arm-none-eabi/lib/thumb/v7e-m+fp/hard\libc_nano.a(libc_a-mallocr.o)
 .ARM.attributes
                0x000006da       0x34 C:/ST/STM32CubeIDE_1.13.2/STM32CubeIDE/plugins/com.st.stm32cube.ide.mcu.externaltools.gnu-tools-for-stm32.12.3.rel1.win32_1.0.100.202403111256/tools/bin/../lib/gcc/arm-none-eabi/12.3.1/../../../../arm-none-eabi/lib/thumb/v7e-m+fp/hard\libc_nano.a(libc_a-mlock.o)
 .ARM.attributes
                0x0000070e       0x34 C:/ST/STM32CubeIDE_1.13.2/STM32CubeIDE/plugins/com.st.stm32cube.ide.mcu.externaltools.gnu-tools-for-stm32.12.3.rel1.win32_1.0.100.202403111256/tools/bin/../lib/gcc/arm-none-eabi/12.3.1/../../../../arm-none-eabi/lib/thumb/v7e-m+fp/hard\libc_nano.a(libc_a-nano-svfprintf.o)
 .ARM.attributes
                0x00000742       0x34 C:/ST/STM32CubeIDE_1.13.2/STM32CubeIDE/plugins/com.st.stm32cube.ide.mcu.externaltools.gnu-tools-for-stm32.12.3.rel1.win32_1.0.100.202403111256/tools/bin/../lib/gcc/arm-none-eabi/12.3.1/../../../../arm-none-eabi/lib/thumb/v7e-m+fp/hard\libc_nano.a(libc_a-nano-vfprintf_i.o)
 .ARM.attributes
                0x00000776       0x34 C:/ST/STM32CubeIDE_1.13.2/STM32CubeIDE/plugins/com.st.stm32cube.ide.mcu.externaltools.gnu-tools-for-stm32.12.3.rel1.win32_1.0.100.202403111256/tools/bin/../lib/gcc/arm-none-eabi/12.3.1/../../../../arm-none-eabi/lib/thumb/v7e-m+fp/hard\libc_nano.a(libc_a-memmove.o)
 .ARM.attributes
                0x000007aa       0x34 C:/ST/STM32CubeIDE_1.13.2/STM32CubeIDE/plugins/com.st.stm32cube.ide.mcu.externaltools.gnu-tools-for-stm32.12.3.rel1.win32_1.0.100.202403111256/tools/bin/../lib/gcc/arm-none-eabi/12.3.1/../../../../arm-none-eabi/lib/thumb/v7e-m+fp/hard\libc_nano.a(libc_a-sbrkr.o)
 .ARM.attributes
                0x000007de       0x1c C:/ST/STM32CubeIDE_1.13.2/STM32CubeIDE/plugins/com.st.stm32cube.ide.mcu.externaltools.gnu-tools-for-stm32.12.3.rel1.win32_1.0.100.202403111256/tools/bin/../lib/gcc/arm-none-eabi/12.3.1/../../../../arm-none-eabi/lib/thumb/v7e-m+fp/hard\libc_nano.a(libc_a-memchr.o)
 .ARM.attributes
                0x000007fa       0x34 C:/ST/STM32CubeIDE_1.13.2/STM32CubeIDE/plugins/com.st.stm32cube.ide.mcu.externaltools.gnu-tools-for-stm32.12.3.rel1.win32_1.0.100.202403111256/tools/bin/../lib/gcc/arm-none-eabi/12.3.1/../../../../arm-none-eabi/lib/thumb/v7e-m+fp/hard\libc_nano.a(libc_a-memcpy-stub.o)
 .ARM.attributes
                0x0000082e       0x34 C:/ST/STM32CubeIDE_1.13.2/STM32CubeIDE/plugins/com.st.stm32cube.ide.mcu.externaltools.gnu-tools-for-stm32.12.3.rel1.win32_1.0.100.202403111256/tools/bin/../lib/gcc/arm-none-eabi/12.3.1/../../../../arm-none-eabi/lib/thumb/v7e-m+fp/hard\libc_nano.a(libc_a-reallocr.o)
 .ARM.attributes
                0x00000862       0x34 C:/ST/STM32CubeIDE_1.13.2/STM32CubeIDE/plugins/com.st.stm32cube.ide.mcu.externaltools.gnu-tools-for-stm32.12.3.rel1.win32_1.0.100.202403111256/tools/bin/../lib/gcc/arm-none-eabi/12.3.1/../../../../arm-none-eabi/lib/thumb/v7e-m+fp/hard\libc_nano.a(libc_a-msizer.o)
 .ARM.attributes
                0x00000896       0x22 C:/ST/STM32CubeIDE_1.13.2/STM32CubeIDE/plugins/com.st.stm32cube.ide.mcu.externaltools.gnu-tools-for-stm32.12.3.rel1.win32_1.0.100.202403111256/tools/bin/../lib/gcc/arm-none-eabi/12.3.1/thumb/v7e-m+fp/hard\libgcc.a(_aeabi_uldivmod.o)
 .ARM.attributes
                0x000008b8       0x34 C:/ST/STM32CubeIDE_1.13.2/STM32CubeIDE/plugins/com.st.stm32cube.ide.mcu.externaltools.gnu-tools-for-stm32.12.3.rel1.win32_1.0.100.202403111256/tools/bin/../lib/gcc/arm-none-eabi/12.3.1/thumb/v7e-m+fp/hard\libgcc.a(_udivmoddi4.o)
 .ARM.attributes
                0x000008ec       0x22 C:/ST/STM32CubeIDE_1.13.2/STM32CubeIDE/plugins/com.st.stm32cube.ide.mcu.externaltools.gnu-tools-for-stm32.12.3.rel1.win32_1.0.100.202403111256/tools/bin/../lib/gcc/arm-none-eabi/12.3.1/thumb/v7e-m+fp/hard\libgcc.a(_dvmd_tls.o)
 .ARM.attributes
                0x0000090e       0x22 C:/ST/STM32CubeIDE_1.13.2/STM32CubeIDE/plugins/com.st.stm32cube.ide.mcu.externaltools.gnu-tools-for-stm32.12.3.rel1.win32_1.0.100.202403111256/tools/bin/../lib/gcc/arm-none-eabi/12.3.1/thumb/v7e-m+fp/hard/crtn.o
OUTPUT(003_SD_Bootloader_App.elf elf32-littlearm)
LOAD linker stubs
LOAD C:/ST/STM32CubeIDE_1.13.2/STM32CubeIDE/plugins/com.st.stm32cube.ide.mcu.externaltools.gnu-tools-for-stm32.12.3.rel1.win32_1.0.100.202403111256/tools/bin/../lib/gcc/arm-none-eabi/12.3.1/../../../../arm-none-eabi/lib/thumb/v7e-m+fp/hard\libc.a
LOAD C:/ST/STM32CubeIDE_1.13.2/STM32CubeIDE/plugins/com.st.stm32cube.ide.mcu.externaltools.gnu-tools-for-stm32.12.3.rel1.win32_1.0.100.202403111256/tools/bin/../lib/gcc/arm-none-eabi/12.3.1/../../../../arm-none-eabi/lib/thumb/v7e-m+fp/hard\libm.a
LOAD C:/ST/STM32CubeIDE_1.13.2/STM32CubeIDE/plugins/com.st.stm32cube.ide.mcu.externaltools.gnu-tools-for-stm32.12.3.rel1.win32_1.0.100.202403111256/tools/bin/../lib/gcc/arm-none-eabi/12.3.1/thumb/v7e-m+fp/hard\libgcc.a

.debug_info     0x00000000     0xef28
 .debug_info    0x00000000      0xc26 ./Core/Src/fatfs_sd.o
 .debug_info    0x00000c26      0x574 ./Core/Src/flash.o
 .debug_info    0x0000119a     0x1a59 ./Core/Src/main.o
 .debug_info    0x00002bf3      0xbd9 ./Core/Src/stm32f4xx_hal_msp.o
 .debug_info    0x000037cc      0x1aa ./Core/Src/stm32f4xx_it.o
 .debug_info    0x00003976      0x168 ./Core/Src/sysmem.o
 .debug_info    0x00003ade      0x512 ./Core/Src/system_stm32f4xx.o
 .debug_info    0x00003ff0       0x30 ./Core/Startup/startup_stm32f407vgtx.o
 .debug_info    0x00004020      0x944 ./Drivers/STM32F4xx_HAL_Driver/Src/stm32f4xx_hal.o
 .debug_info    0x00004964      0xd57 ./Drivers/STM32F4xx_HAL_Driver/Src/stm32f4xx_hal_cortex.o
 .debug_info    0x000056bb      0x57d ./Drivers/STM32F4xx_HAL_Driver/Src/stm32f4xx_hal_flash.o
 .debug_info    0x00005c38      0x67f ./Drivers/STM32F4xx_HAL_Driver/Src/stm32f4xx_hal_flash_ex.o
 .debug_info    0x000062b7      0x6c3 ./Drivers/STM32F4xx_HAL_Driver/Src/stm32f4xx_hal_gpio.o
 .debug_info    0x0000697a      0x8b1 ./Drivers/STM32F4xx_HAL_Driver/Src/stm32f4xx_hal_rcc.o
 .debug_info    0x0000722b     0x15fb ./Drivers/STM32F4xx_HAL_Driver/Src/stm32f4xx_hal_spi.o
 .debug_info    0x00008826     0x2f4f ./Drivers/STM32F4xx_HAL_Driver/Src/stm32f4xx_hal_uart.o
 .debug_info    0x0000b775      0x508 ./FATFS/App/fatfs.o
 .debug_info    0x0000bc7d      0x3a5 ./FATFS/Target/user_diskio.o
 .debug_info    0x0000c022      0x3df ./Middlewares/Third_Party/FatFs/src/diskio.o
 .debug_info    0x0000c401     0x25ef ./Middlewares/Third_Party/FatFs/src/ff.o
 .debug_info    0x0000e9f0      0x37f ./Middlewares/Third_Party/FatFs/src/ff_gen_drv.o
 .debug_info    0x0000ed6f      0x1b9 ./Middlewares/Third_Party/FatFs/src/option/ccsbcs.o

.debug_abbrev   0x00000000     0x2a26
 .debug_abbrev  0x00000000      0x2c7 ./Core/Src/fatfs_sd.o
 .debug_abbrev  0x000002c7      0x219 ./Core/Src/flash.o
 .debug_abbrev  0x000004e0      0x38c ./Core/Src/main.o
 .debug_abbrev  0x0000086c      0x1ae ./Core/Src/stm32f4xx_hal_msp.o
 .debug_abbrev  0x00000a1a       0xbb ./Core/Src/stm32f4xx_it.o
 .debug_abbrev  0x00000ad5       0xbc ./Core/Src/sysmem.o
 .debug_abbrev  0x00000b91      0x11a ./Core/Src/system_stm32f4xx.o
 .debug_abbrev  0x00000cab       0x24 ./Core/Startup/startup_stm32f407vgtx.o
 .debug_abbrev  0x00000ccf      0x214 ./Drivers/STM32F4xx_HAL_Driver/Src/stm32f4xx_hal.o
 .debug_abbrev  0x00000ee3      0x328 ./Drivers/STM32F4xx_HAL_Driver/Src/stm32f4xx_hal_cortex.o
 .debug_abbrev  0x0000120b      0x28c ./Drivers/STM32F4xx_HAL_Driver/Src/stm32f4xx_hal_flash.o
 .debug_abbrev  0x00001497      0x249 ./Drivers/STM32F4xx_HAL_Driver/Src/stm32f4xx_hal_flash_ex.o
 .debug_abbrev  0x000016e0      0x1d4 ./Drivers/STM32F4xx_HAL_Driver/Src/stm32f4xx_hal_gpio.o
 .debug_abbrev  0x000018b4      0x2b6 ./Drivers/STM32F4xx_HAL_Driver/Src/stm32f4xx_hal_rcc.o
 .debug_abbrev  0x00001b6a      0x284 ./Drivers/STM32F4xx_HAL_Driver/Src/stm32f4xx_hal_spi.o
 .debug_abbrev  0x00001dee      0x30e ./Drivers/STM32F4xx_HAL_Driver/Src/stm32f4xx_hal_uart.o
 .debug_abbrev  0x000020fc      0x15e ./FATFS/App/fatfs.o
 .debug_abbrev  0x0000225a      0x144 ./FATFS/Target/user_diskio.o
 .debug_abbrev  0x0000239e      0x181 ./Middlewares/Third_Party/FatFs/src/diskio.o
 .debug_abbrev  0x0000251f      0x28a ./Middlewares/Third_Party/FatFs/src/ff.o
 .debug_abbrev  0x000027a9      0x19f ./Middlewares/Third_Party/FatFs/src/ff_gen_drv.o
 .debug_abbrev  0x00002948       0xde ./Middlewares/Third_Party/FatFs/src/option/ccsbcs.o

.debug_aranges  0x00000000      0xdd8
 .debug_aranges
                0x00000000       0xa0 ./Core/Src/fatfs_sd.o
 .debug_aranges
                0x000000a0       0x60 ./Core/Src/flash.o
 .debug_aranges
                0x00000100       0x70 ./Core/Src/main.o
 .debug_aranges
                0x00000170       0x40 ./Core/Src/stm32f4xx_hal_msp.o
 .debug_aranges
                0x000001b0       0x70 ./Core/Src/stm32f4xx_it.o
 .debug_aranges
                0x00000220       0x20 ./Core/Src/sysmem.o
 .debug_aranges
                0x00000240       0x28 ./Core/Src/system_stm32f4xx.o
 .debug_aranges
                0x00000268       0x28 ./Core/Startup/startup_stm32f407vgtx.o
 .debug_aranges
                0x00000290       0xf0 ./Drivers/STM32F4xx_HAL_Driver/Src/stm32f4xx_hal.o
 .debug_aranges
                0x00000380      0x120 ./Drivers/STM32F4xx_HAL_Driver/Src/stm32f4xx_hal_cortex.o
 .debug_aranges
                0x000004a0       0xa0 ./Drivers/STM32F4xx_HAL_Driver/Src/stm32f4xx_hal_flash.o
 .debug_aranges
                0x00000540       0x98 ./Drivers/STM32F4xx_HAL_Driver/Src/stm32f4xx_hal_flash_ex.o
 .debug_aranges
                0x000005d8       0x58 ./Drivers/STM32F4xx_HAL_Driver/Src/stm32f4xx_hal_gpio.o
 .debug_aranges
                0x00000630       0x88 ./Drivers/STM32F4xx_HAL_Driver/Src/stm32f4xx_hal_rcc.o
 .debug_aranges
                0x000006b8      0x1d0 ./Drivers/STM32F4xx_HAL_Driver/Src/stm32f4xx_hal_spi.o
 .debug_aranges
                0x00000888      0x208 ./Drivers/STM32F4xx_HAL_Driver/Src/stm32f4xx_hal_uart.o
 .debug_aranges
                0x00000a90       0x28 ./FATFS/App/fatfs.o
 .debug_aranges
                0x00000ab8       0x40 ./FATFS/Target/user_diskio.o
 .debug_aranges
                0x00000af8       0x48 ./Middlewares/Third_Party/FatFs/src/diskio.o
 .debug_aranges
                0x00000b40      0x230 ./Middlewares/Third_Party/FatFs/src/ff.o
 .debug_aranges
                0x00000d70       0x40 ./Middlewares/Third_Party/FatFs/src/ff_gen_drv.o
 .debug_aranges
                0x00000db0       0x28 ./Middlewares/Third_Party/FatFs/src/option/ccsbcs.o

.debug_rnglists
                0x00000000      0xa92
 .debug_rnglists
                0x00000000       0x7a ./Core/Src/fatfs_sd.o
 .debug_rnglists
                0x0000007a       0x46 ./Core/Src/flash.o
 .debug_rnglists
                0x000000c0       0x52 ./Core/Src/main.o
 .debug_rnglists
                0x00000112       0x2d ./Core/Src/stm32f4xx_hal_msp.o
 .debug_rnglists
                0x0000013f       0x4f ./Core/Src/stm32f4xx_it.o
 .debug_rnglists
                0x0000018e       0x13 ./Core/Src/sysmem.o
 .debug_rnglists
                0x000001a1       0x1a ./Core/Src/system_stm32f4xx.o
 .debug_rnglists
                0x000001bb       0x19 ./Core/Startup/startup_stm32f407vgtx.o
 .debug_rnglists
                0x000001d4       0xaf ./Drivers/STM32F4xx_HAL_Driver/Src/stm32f4xx_hal.o
 .debug_rnglists
                0x00000283       0xd4 ./Drivers/STM32F4xx_HAL_Driver/Src/stm32f4xx_hal_cortex.o
 .debug_rnglists
                0x00000357       0x78 ./Drivers/STM32F4xx_HAL_Driver/Src/stm32f4xx_hal_flash.o
 .debug_rnglists
                0x000003cf       0x72 ./Drivers/STM32F4xx_HAL_Driver/Src/stm32f4xx_hal_flash_ex.o
 .debug_rnglists
                0x00000441       0x3f ./Drivers/STM32F4xx_HAL_Driver/Src/stm32f4xx_hal_gpio.o
 .debug_rnglists
                0x00000480       0x66 ./Drivers/STM32F4xx_HAL_Driver/Src/stm32f4xx_hal_rcc.o
 .debug_rnglists
                0x000004e6      0x16f ./Drivers/STM32F4xx_HAL_Driver/Src/stm32f4xx_hal_spi.o
 .debug_rnglists
                0x00000655      0x1bc ./Drivers/STM32F4xx_HAL_Driver/Src/stm32f4xx_hal_uart.o
 .debug_rnglists
                0x00000811       0x19 ./FATFS/App/fatfs.o
 .debug_rnglists
                0x0000082a       0x2b ./FATFS/Target/user_diskio.o
 .debug_rnglists
                0x00000855       0x31 ./Middlewares/Third_Party/FatFs/src/diskio.o
 .debug_rnglists
                0x00000886      0x1c6 ./Middlewares/Third_Party/FatFs/src/ff.o
 .debug_rnglists
                0x00000a4c       0x2c ./Middlewares/Third_Party/FatFs/src/ff_gen_drv.o
 .debug_rnglists
                0x00000a78       0x1a ./Middlewares/Third_Party/FatFs/src/option/ccsbcs.o

.debug_macro    0x00000000    0x21873
 .debug_macro   0x00000000      0x203 ./Core/Src/fatfs_sd.o
 .debug_macro   0x00000203      0x29b ./Core/Src/fatfs_sd.o
 .debug_macro   0x0000049e       0x2e ./Core/Src/fatfs_sd.o
 .debug_macro   0x000004cc       0x2f ./Core/Src/fatfs_sd.o
 .debug_macro   0x000004fb       0x1c ./Core/Src/fatfs_sd.o
 .debug_macro   0x00000517       0x22 ./Core/Src/fatfs_sd.o
 .debug_macro   0x00000539       0xfb ./Core/Src/fatfs_sd.o
 .debug_macro   0x00000634     0x1011 ./Core/Src/fatfs_sd.o
 .debug_macro   0x00001645      0x11f ./Core/Src/fatfs_sd.o
 .debug_macro   0x00001764    0x15e97 ./Core/Src/fatfs_sd.o
 .debug_macro   0x000175fb       0x6d ./Core/Src/fatfs_sd.o
 .debug_macro   0x00017668     0x368c ./Core/Src/fatfs_sd.o
 .debug_macro   0x0001acf4       0x5c ./Core/Src/fatfs_sd.o
 .debug_macro   0x0001ad50      0x980 ./Core/Src/fatfs_sd.o
 .debug_macro   0x0001b6d0      0x9e9 ./Core/Src/fatfs_sd.o
 .debug_macro   0x0001c0b9      0x115 ./Core/Src/fatfs_sd.o
 .debug_macro   0x0001c1ce      0x13e ./Core/Src/fatfs_sd.o
 .debug_macro   0x0001c30c       0xa5 ./Core/Src/fatfs_sd.o
 .debug_macro   0x0001c3b1      0x174 ./Core/Src/fatfs_sd.o
 .debug_macro   0x0001c525      0x287 ./Core/Src/fatfs_sd.o
 .debug_macro   0x0001c7ac       0x5f ./Core/Src/fatfs_sd.o
 .debug_macro   0x0001c80b      0x236 ./Core/Src/fatfs_sd.o
 .debug_macro   0x0001ca41      0x12c ./Core/Src/fatfs_sd.o
 .debug_macro   0x0001cb6d      0x21e ./Core/Src/fatfs_sd.o
 .debug_macro   0x0001cd8b       0x2e ./Core/Src/fatfs_sd.o
 .debug_macro   0x0001cdb9      0x127 ./Core/Src/fatfs_sd.o
 .debug_macro   0x0001cee0       0x7e ./Core/Src/fatfs_sd.o
 .debug_macro   0x0001cf5e       0x89 ./Core/Src/fatfs_sd.o
 .debug_macro   0x0001cfe7      0x225 ./Core/Src/fatfs_sd.o
 .debug_macro   0x0001d20c      0x2aa ./Core/Src/fatfs_sd.o
 .debug_macro   0x0001d4b6      0x12d ./Core/Src/fatfs_sd.o
 .debug_macro   0x0001d5e3       0x16 ./Core/Src/fatfs_sd.o
 .debug_macro   0x0001d5f9       0x7c ./Core/Src/fatfs_sd.o
 .debug_macro   0x0001d675       0x70 ./Core/Src/fatfs_sd.o
 .debug_macro   0x0001d6e5      0x2d6 ./Core/Src/flash.o
 .debug_macro   0x0001d9bb       0x61 ./Core/Src/flash.o
 .debug_macro   0x0001da1c       0x2a ./Core/Src/flash.o
 .debug_macro   0x0001da46       0x43 ./Core/Src/flash.o
 .debug_macro   0x0001da89       0x34 ./Core/Src/flash.o
 .debug_macro   0x0001dabd       0x16 ./Core/Src/flash.o
 .debug_macro   0x0001dad3       0x43 ./Core/Src/flash.o
 .debug_macro   0x0001db16       0x34 ./Core/Src/flash.o
 .debug_macro   0x0001db4a       0x10 ./Core/Src/flash.o
 .debug_macro   0x0001db5a       0x58 ./Core/Src/flash.o
 .debug_macro   0x0001dbb2       0x8e ./Core/Src/flash.o
 .debug_macro   0x0001dc40       0x1c ./Core/Src/flash.o
 .debug_macro   0x0001dc5c      0x177 ./Core/Src/flash.o
 .debug_macro   0x0001ddd3      0x369 ./Core/Src/flash.o
 .debug_macro   0x0001e13c       0x10 ./Core/Src/flash.o
 .debug_macro   0x0001e14c       0x35 ./Core/Src/flash.o
 .debug_macro   0x0001e181       0x20 ./Core/Src/flash.o
 .debug_macro   0x0001e1a1       0x1c ./Core/Src/flash.o
 .debug_macro   0x0001e1bd       0x10 ./Core/Src/flash.o
 .debug_macro   0x0001e1cd       0x1c ./Core/Src/flash.o
 .debug_macro   0x0001e1e9       0x16 ./Core/Src/flash.o
 .debug_macro   0x0001e1ff      0x146 ./Core/Src/flash.o
 .debug_macro   0x0001e345      0x36c ./Core/Src/main.o
 .debug_macro   0x0001e6b1       0x10 ./Core/Src/main.o
 .debug_macro   0x0001e6c1       0xeb ./Core/Src/main.o
 .debug_macro   0x0001e7ac       0x16 ./Core/Src/main.o
 .debug_macro   0x0001e7c2       0x16 ./Core/Src/main.o
 .debug_macro   0x0001e7d8       0x29 ./Core/Src/main.o
 .debug_macro   0x0001e801       0x12 ./Core/Src/main.o
 .debug_macro   0x0001e813       0xe2 ./Core/Src/main.o
 .debug_macro   0x0001e8f5       0x8e ./Core/Src/main.o
 .debug_macro   0x0001e983       0x10 ./Core/Src/main.o
 .debug_macro   0x0001e993       0x58 ./Core/Src/main.o
 .debug_macro   0x0001e9eb       0x1c ./Core/Src/main.o
 .debug_macro   0x0001ea07       0x16 ./Core/Src/main.o
 .debug_macro   0x0001ea1d      0x1d3 ./Core/Src/stm32f4xx_hal_msp.o
 .debug_macro   0x0001ebf0      0x1dd ./Core/Src/stm32f4xx_it.o
 .debug_macro   0x0001edcd       0xff ./Core/Src/sysmem.o
 .debug_macro   0x0001eecc      0x23c ./Core/Src/sysmem.o
 .debug_macro   0x0001f108      0x1c4 ./Core/Src/system_stm32f4xx.o
 .debug_macro   0x0001f2cc      0x224 ./Drivers/STM32F4xx_HAL_Driver/Src/stm32f4xx_hal.o
 .debug_macro   0x0001f4f0      0x1c4 ./Drivers/STM32F4xx_HAL_Driver/Src/stm32f4xx_hal_cortex.o
 .debug_macro   0x0001f6b4      0x1ca ./Drivers/STM32F4xx_HAL_Driver/Src/stm32f4xx_hal_flash.o
 .debug_macro   0x0001f87e      0x1ca ./Drivers/STM32F4xx_HAL_Driver/Src/stm32f4xx_hal_flash_ex.o
 .debug_macro   0x0001fa48      0x1ca ./Drivers/STM32F4xx_HAL_Driver/Src/stm32f4xx_hal_gpio.o
 .debug_macro   0x0001fc12      0x1e8 ./Drivers/STM32F4xx_HAL_Driver/Src/stm32f4xx_hal_rcc.o
 .debug_macro   0x0001fdfa      0x1d3 ./Drivers/STM32F4xx_HAL_Driver/Src/stm32f4xx_hal_spi.o
 .debug_macro   0x0001ffcd      0x1c5 ./Drivers/STM32F4xx_HAL_Driver/Src/stm32f4xx_hal_uart.o
 .debug_macro   0x00020192      0x2f8 ./FATFS/App/fatfs.o
 .debug_macro   0x0002048a       0xe5 ./FATFS/App/fatfs.o
 .debug_macro   0x0002056f      0x31e ./FATFS/Target/user_diskio.o
 .debug_macro   0x0002088d       0x56 ./FATFS/Target/user_diskio.o
 .debug_macro   0x000208e3      0x2e5 ./Middlewares/Third_Party/FatFs/src/diskio.o
 .debug_macro   0x00020bc8      0x6f3 ./Middlewares/Third_Party/FatFs/src/ff.o
 .debug_macro   0x000212bb      0x2e5 ./Middlewares/Third_Party/FatFs/src/ff_gen_drv.o
 .debug_macro   0x000215a0      0x2d3 ./Middlewares/Third_Party/FatFs/src/option/ccsbcs.o

.debug_line     0x00000000    0x13d19
 .debug_line    0x00000000      0xdef ./Core/Src/fatfs_sd.o
 .debug_line    0x00000def      0xb7e ./Core/Src/flash.o
 .debug_line    0x0000196d      0xc0f ./Core/Src/main.o
 .debug_line    0x0000257c      0x7ce ./Core/Src/stm32f4xx_hal_msp.o
 .debug_line    0x00002d4a      0x844 ./Core/Src/stm32f4xx_it.o
 .debug_line    0x0000358e      0x583 ./Core/Src/sysmem.o
 .debug_line    0x00003b11      0x7b9 ./Core/Src/system_stm32f4xx.o
 .debug_line    0x000042ca       0x7a ./Core/Startup/startup_stm32f407vgtx.o
 .debug_line    0x00004344      0xa22 ./Drivers/STM32F4xx_HAL_Driver/Src/stm32f4xx_hal.o
 .debug_line    0x00004d66      0xcea ./Drivers/STM32F4xx_HAL_Driver/Src/stm32f4xx_hal_cortex.o
 .debug_line    0x00005a50      0xaec ./Drivers/STM32F4xx_HAL_Driver/Src/stm32f4xx_hal_flash.o
 .debug_line    0x0000653c      0xafa ./Drivers/STM32F4xx_HAL_Driver/Src/stm32f4xx_hal_flash_ex.o
 .debug_line    0x00007036      0xbae ./Drivers/STM32F4xx_HAL_Driver/Src/stm32f4xx_hal_gpio.o
 .debug_line    0x00007be4      0xd93 ./Drivers/STM32F4xx_HAL_Driver/Src/stm32f4xx_hal_rcc.o
 .debug_line    0x00008977     0x1d1d ./Drivers/STM32F4xx_HAL_Driver/Src/stm32f4xx_hal_spi.o
 .debug_line    0x0000a694     0x28f4 ./Drivers/STM32F4xx_HAL_Driver/Src/stm32f4xx_hal_uart.o
 .debug_line    0x0000cf88      0x925 ./FATFS/App/fatfs.o
 .debug_line    0x0000d8ad      0x989 ./FATFS/Target/user_diskio.o
 .debug_line    0x0000e236      0x997 ./Middlewares/Third_Party/FatFs/src/diskio.o
 .debug_line    0x0000ebcd     0x3da6 ./Middlewares/Third_Party/FatFs/src/ff.o
 .debug_line    0x00012973      0x9b2 ./Middlewares/Third_Party/FatFs/src/ff_gen_drv.o
 .debug_line    0x00013325      0x9f4 ./Middlewares/Third_Party/FatFs/src/option/ccsbcs.o

.debug_str      0x00000000    0xc6a91
 .debug_str     0x00000000    0xbe7b4 ./Core/Src/fatfs_sd.o
                              0xbeac2 (size before relaxing)
 .debug_str     0x000be7b4     0x39c8 ./Core/Src/flash.o
                              0xc1b4a (size before relaxing)
 .debug_str     0x000c217c     0x1405 ./Core/Src/main.o
                              0xc356e (size before relaxing)
 .debug_str     0x000c3581       0x8d ./Core/Src/stm32f4xx_hal_msp.o
                              0xbe946 (size before relaxing)
 .debug_str     0x000c360e      0x10c ./Core/Src/stm32f4xx_it.o
                              0xbe273 (size before relaxing)
 .debug_str     0x000c371a      0x4dc ./Core/Src/sysmem.o
                               0x60d9 (size before relaxing)
 .debug_str     0x000c3bf6       0x87 ./Core/Src/system_stm32f4xx.o
                              0xbe2fb (size before relaxing)
 .debug_str     0x000c3c7d       0x44 ./Core/Startup/startup_stm32f407vgtx.o
                                 0x8c (size before relaxing)
 .debug_str     0x000c3cc1      0x60d ./Drivers/STM32F4xx_HAL_Driver/Src/stm32f4xx_hal.o
                              0xbee7f (size before relaxing)
 .debug_str     0x000c42ce      0x348 ./Drivers/STM32F4xx_HAL_Driver/Src/stm32f4xx_hal_cortex.o
                              0xbebc9 (size before relaxing)
 .debug_str     0x000c4616      0x27e ./Drivers/STM32F4xx_HAL_Driver/Src/stm32f4xx_hal_flash.o
                              0xbe4eb (size before relaxing)
 .debug_str     0x000c4894      0x1e3 ./Drivers/STM32F4xx_HAL_Driver/Src/stm32f4xx_hal_flash_ex.o
                              0xbe53b (size before relaxing)
 .debug_str     0x000c4a77       0xe3 ./Drivers/STM32F4xx_HAL_Driver/Src/stm32f4xx_hal_gpio.o
                              0xbe476 (size before relaxing)
 .debug_str     0x000c4b5a      0x228 ./Drivers/STM32F4xx_HAL_Driver/Src/stm32f4xx_hal_rcc.o
                              0xbe72f (size before relaxing)
 .debug_str     0x000c4d82      0x563 ./Drivers/STM32F4xx_HAL_Driver/Src/stm32f4xx_hal_spi.o
                              0xbebbf (size before relaxing)
 .debug_str     0x000c52e5      0x606 ./Drivers/STM32F4xx_HAL_Driver/Src/stm32f4xx_hal_uart.o
                              0xbed10 (size before relaxing)
 .debug_str     0x000c58eb       0x74 ./FATFS/App/fatfs.o
                              0xc1b20 (size before relaxing)
 .debug_str     0x000c595f       0x5a ./FATFS/Target/user_diskio.o
                              0xc1bee (size before relaxing)
 .debug_str     0x000c59b9       0x52 ./Middlewares/Third_Party/FatFs/src/diskio.o
                              0xc1a1c (size before relaxing)
 .debug_str     0x000c5a0b      0xfac ./Middlewares/Third_Party/FatFs/src/ff.o
                              0xc2d23 (size before relaxing)
 .debug_str     0x000c69b7       0x91 ./Middlewares/Third_Party/FatFs/src/ff_gen_drv.o
                              0xc1a6d (size before relaxing)
 .debug_str     0x000c6a48       0x49 ./Middlewares/Third_Party/FatFs/src/option/ccsbcs.o
                              0xc17f1 (size before relaxing)

.comment        0x00000000       0x43
 .comment       0x00000000       0x43 ./Core/Src/fatfs_sd.o
                                 0x44 (size before relaxing)
 .comment       0x00000043       0x44 ./Core/Src/flash.o
 .comment       0x00000043       0x44 ./Core/Src/main.o
 .comment       0x00000043       0x44 ./Core/Src/stm32f4xx_hal_msp.o
 .comment       0x00000043       0x44 ./Core/Src/stm32f4xx_it.o
 .comment       0x00000043       0x44 ./Core/Src/sysmem.o
 .comment       0x00000043       0x44 ./Core/Src/system_stm32f4xx.o
 .comment       0x00000043       0x44 ./Drivers/STM32F4xx_HAL_Driver/Src/stm32f4xx_hal.o
 .comment       0x00000043       0x44 ./Drivers/STM32F4xx_HAL_Driver/Src/stm32f4xx_hal_cortex.o
 .comment       0x00000043       0x44 ./Drivers/STM32F4xx_HAL_Driver/Src/stm32f4xx_hal_flash.o
 .comment       0x00000043       0x44 ./Drivers/STM32F4xx_HAL_Driver/Src/stm32f4xx_hal_flash_ex.o
 .comment       0x00000043       0x44 ./Drivers/STM32F4xx_HAL_Driver/Src/stm32f4xx_hal_gpio.o
 .comment       0x00000043       0x44 ./Drivers/STM32F4xx_HAL_Driver/Src/stm32f4xx_hal_rcc.o
 .comment       0x00000043       0x44 ./Drivers/STM32F4xx_HAL_Driver/Src/stm32f4xx_hal_spi.o
 .comment       0x00000043       0x44 ./Drivers/STM32F4xx_HAL_Driver/Src/stm32f4xx_hal_uart.o
 .comment       0x00000043       0x44 ./FATFS/App/fatfs.o
 .comment       0x00000043       0x44 ./FATFS/Target/user_diskio.o
 .comment       0x00000043       0x44 ./Middlewares/Third_Party/FatFs/src/diskio.o
 .comment       0x00000043       0x44 ./Middlewares/Third_Party/FatFs/src/ff.o
 .comment       0x00000043       0x44 ./Middlewares/Third_Party/FatFs/src/ff_gen_drv.o
 .comment       0x00000043       0x44 ./Middlewares/Third_Party/FatFs/src/option/ccsbcs.o

.debug_frame    0x00000000     0x3c7c
 .debug_frame   0x00000000      0x268 ./Core/Src/fatfs_sd.o
 .debug_frame   0x00000268      0x16c ./Core/Src/flash.o
 .debug_frame   0x000003d4      0x184 ./Core/Src/main.o
 .debug_frame   0x00000558       0xc8 ./Core/Src/stm32f4xx_hal_msp.o
 .debug_frame   0x00000620      0x140 ./Core/Src/stm32f4xx_it.o
 .debug_frame   0x00000760       0x34 ./Core/Src/sysmem.o
 .debug_frame   0x00000794       0x58 ./Core/Src/system_stm32f4xx.o
 .debug_frame   0x000007ec      0x374 ./Drivers/STM32F4xx_HAL_Driver/Src/stm32f4xx_hal.o
 .debug_frame   0x00000b60      0x4b8 ./Drivers/STM32F4xx_HAL_Driver/Src/stm32f4xx_hal_cortex.o
 .debug_frame   0x00001018      0x274 ./Drivers/STM32F4xx_HAL_Driver/Src/stm32f4xx_hal_flash.o
 .debug_frame   0x0000128c      0x250 ./Drivers/STM32F4xx_HAL_Driver/Src/stm32f4xx_hal_flash_ex.o
 .debug_frame   0x000014dc      0x14c ./Drivers/STM32F4xx_HAL_Driver/Src/stm32f4xx_hal_gpio.o
 .debug_frame   0x00001628      0x1f4 ./Drivers/STM32F4xx_HAL_Driver/Src/stm32f4xx_hal_rcc.o
 .debug_frame   0x0000181c      0x828 ./Drivers/STM32F4xx_HAL_Driver/Src/stm32f4xx_hal_spi.o
 .debug_frame   0x00002044      0x954 ./Drivers/STM32F4xx_HAL_Driver/Src/stm32f4xx_hal_uart.o
 .debug_frame   0x00002998       0x4c ./FATFS/App/fatfs.o
 .debug_frame   0x000029e4       0xc4 ./FATFS/Target/user_diskio.o
 .debug_frame   0x00002aa8       0xec ./Middlewares/Third_Party/FatFs/src/diskio.o
 .debug_frame   0x00002b94      0xa0c ./Middlewares/Third_Party/FatFs/src/ff.o
 .debug_frame   0x000035a0       0xc8 ./Middlewares/Third_Party/FatFs/src/ff_gen_drv.o
 .debug_frame   0x00003668       0x60 ./Middlewares/Third_Party/FatFs/src/option/ccsbcs.o
 .debug_frame   0x000036c8      0x144 C:/ST/STM32CubeIDE_1.13.2/STM32CubeIDE/plugins/com.st.stm32cube.ide.mcu.externaltools.gnu-tools-for-stm32.12.3.rel1.win32_1.0.100.202403111256/tools/bin/../lib/gcc/arm-none-eabi/12.3.1/../../../../arm-none-eabi/lib/thumb/v7e-m+fp/hard\libc_nano.a(libc_a-findfp.o)
 .debug_frame   0x0000380c       0x3c C:/ST/STM32CubeIDE_1.13.2/STM32CubeIDE/plugins/com.st.stm32cube.ide.mcu.externaltools.gnu-tools-for-stm32.12.3.rel1.win32_1.0.100.202403111256/tools/bin/../lib/gcc/arm-none-eabi/12.3.1/../../../../arm-none-eabi/lib/thumb/v7e-m+fp/hard\libc_nano.a(libc_a-vsprintf.o)
 .debug_frame   0x00003848       0x20 C:/ST/STM32CubeIDE_1.13.2/STM32CubeIDE/plugins/com.st.stm32cube.ide.mcu.externaltools.gnu-tools-for-stm32.12.3.rel1.win32_1.0.100.202403111256/tools/bin/../lib/gcc/arm-none-eabi/12.3.1/../../../../arm-none-eabi/lib/thumb/v7e-m+fp/hard\libc_nano.a(libc_a-memset.o)
 .debug_frame   0x00003868       0x38 C:/ST/STM32CubeIDE_1.13.2/STM32CubeIDE/plugins/com.st.stm32cube.ide.mcu.externaltools.gnu-tools-for-stm32.12.3.rel1.win32_1.0.100.202403111256/tools/bin/../lib/gcc/arm-none-eabi/12.3.1/../../../../arm-none-eabi/lib/thumb/v7e-m+fp/hard\libc_nano.a(libc_a-reent.o)
 .debug_frame   0x000038a0       0x20 C:/ST/STM32CubeIDE_1.13.2/STM32CubeIDE/plugins/com.st.stm32cube.ide.mcu.externaltools.gnu-tools-for-stm32.12.3.rel1.win32_1.0.100.202403111256/tools/bin/../lib/gcc/arm-none-eabi/12.3.1/../../../../arm-none-eabi/lib/thumb/v7e-m+fp/hard\libc_nano.a(libc_a-errno.o)
 .debug_frame   0x000038c0       0x2c C:/ST/STM32CubeIDE_1.13.2/STM32CubeIDE/plugins/com.st.stm32cube.ide.mcu.externaltools.gnu-tools-for-stm32.12.3.rel1.win32_1.0.100.202403111256/tools/bin/../lib/gcc/arm-none-eabi/12.3.1/../../../../arm-none-eabi/lib/thumb/v7e-m+fp/hard\libc_nano.a(libc_a-init.o)
 .debug_frame   0x000038ec       0xb0 C:/ST/STM32CubeIDE_1.13.2/STM32CubeIDE/plugins/com.st.stm32cube.ide.mcu.externaltools.gnu-tools-for-stm32.12.3.rel1.win32_1.0.100.202403111256/tools/bin/../lib/gcc/arm-none-eabi/12.3.1/../../../../arm-none-eabi/lib/thumb/v7e-m+fp/hard\libc_nano.a(libc_a-lock.o)
 .debug_frame   0x0000399c       0x38 C:/ST/STM32CubeIDE_1.13.2/STM32CubeIDE/plugins/com.st.stm32cube.ide.mcu.externaltools.gnu-tools-for-stm32.12.3.rel1.win32_1.0.100.202403111256/tools/bin/../lib/gcc/arm-none-eabi/12.3.1/../../../../arm-none-eabi/lib/thumb/v7e-m+fp/hard\libc_nano.a(libc_a-freer.o)
 .debug_frame   0x000039d4       0x50 C:/ST/STM32CubeIDE_1.13.2/STM32CubeIDE/plugins/com.st.stm32cube.ide.mcu.externaltools.gnu-tools-for-stm32.12.3.rel1.win32_1.0.100.202403111256/tools/bin/../lib/gcc/arm-none-eabi/12.3.1/../../../../arm-none-eabi/lib/thumb/v7e-m+fp/hard\libc_nano.a(libc_a-mallocr.o)
 .debug_frame   0x00003a24       0x30 C:/ST/STM32CubeIDE_1.13.2/STM32CubeIDE/plugins/com.st.stm32cube.ide.mcu.externaltools.gnu-tools-for-stm32.12.3.rel1.win32_1.0.100.202403111256/tools/bin/../lib/gcc/arm-none-eabi/12.3.1/../../../../arm-none-eabi/lib/thumb/v7e-m+fp/hard\libc_nano.a(libc_a-mlock.o)
 .debug_frame   0x00003a54       0x90 C:/ST/STM32CubeIDE_1.13.2/STM32CubeIDE/plugins/com.st.stm32cube.ide.mcu.externaltools.gnu-tools-for-stm32.12.3.rel1.win32_1.0.100.202403111256/tools/bin/../lib/gcc/arm-none-eabi/12.3.1/../../../../arm-none-eabi/lib/thumb/v7e-m+fp/hard\libc_nano.a(libc_a-nano-svfprintf.o)
 .debug_frame   0x00003ae4       0x60 C:/ST/STM32CubeIDE_1.13.2/STM32CubeIDE/plugins/com.st.stm32cube.ide.mcu.externaltools.gnu-tools-for-stm32.12.3.rel1.win32_1.0.100.202403111256/tools/bin/../lib/gcc/arm-none-eabi/12.3.1/../../../../arm-none-eabi/lib/thumb/v7e-m+fp/hard\libc_nano.a(libc_a-nano-vfprintf_i.o)
 .debug_frame   0x00003b44       0x28 C:/ST/STM32CubeIDE_1.13.2/STM32CubeIDE/plugins/com.st.stm32cube.ide.mcu.externaltools.gnu-tools-for-stm32.12.3.rel1.win32_1.0.100.202403111256/tools/bin/../lib/gcc/arm-none-eabi/12.3.1/../../../../arm-none-eabi/lib/thumb/v7e-m+fp/hard\libc_nano.a(libc_a-memmove.o)
 .debug_frame   0x00003b6c       0x2c C:/ST/STM32CubeIDE_1.13.2/STM32CubeIDE/plugins/com.st.stm32cube.ide.mcu.externaltools.gnu-tools-for-stm32.12.3.rel1.win32_1.0.100.202403111256/tools/bin/../lib/gcc/arm-none-eabi/12.3.1/../../../../arm-none-eabi/lib/thumb/v7e-m+fp/hard\libc_nano.a(libc_a-sbrkr.o)